Component: ARM Compiler 5.06 update 5 (build 528) Tool: armlink [4d35e2]

==============================================================================

Section Cross References

    tissuemachine.o(i.sendControl2TissueMachine) refers to stm32f1xx_hal_uart.o(i.HAL_UART_Transmit_IT) for HAL_UART_Transmit_IT
    tissuemachine.o(i.sendControl2TissueMachine) refers to main.o(.bss) for huart3
    tissuemachine.o(i.uart3Init) refers to stm32f1xx_hal_uart.o(i.HAL_UART_Receive_IT) for HAL_UART_Receive_IT
    tissuemachine.o(i.uart3Init) refers to tissuemachine.o(.data) for .data
    tissuemachine.o(i.uart3Init) refers to main.o(.bss) for huart3
    tissuemachine.o(i.uart3Receive) refers to stm32f1xx_hal_uart.o(i.HAL_UART_Receive_IT) for HAL_UART_Receive_IT
    tissuemachine.o(i.uart3Receive) refers to tissuemachine.o(.data) for .data
    tissuemachine.o(i.uart3Receive) refers to main.o(.bss) for huart3
    stm32f1xx_hal_msp.o(i.HAL_MspInit) refers to stm32f1xx_hal_cortex.o(i.HAL_NVIC_SetPriorityGrouping) for HAL_NVIC_SetPriorityGrouping
    stm32f1xx_hal_msp.o(i.HAL_MspInit) refers to stm32f1xx_hal_cortex.o(i.HAL_NVIC_SetPriority) for HAL_NVIC_SetPriority
    stm32f1xx_hal_msp.o(i.HAL_TIM_Base_MspDeInit) refers to stm32f1xx_hal_cortex.o(i.HAL_NVIC_DisableIRQ) for HAL_NVIC_DisableIRQ
    stm32f1xx_hal_msp.o(i.HAL_UART_MspDeInit) refers to stm32f1xx_hal_gpio.o(i.HAL_GPIO_DeInit) for HAL_GPIO_DeInit
    stm32f1xx_hal_msp.o(i.HAL_UART_MspDeInit) refers to stm32f1xx_hal_cortex.o(i.HAL_NVIC_DisableIRQ) for HAL_NVIC_DisableIRQ
    stm32f1xx_hal_msp.o(i.HAL_UART_MspInit) refers to stm32f1xx_hal_gpio.o(i.HAL_GPIO_Init) for HAL_GPIO_Init
    main.o(i.G510_PowerOn) refers to printf8.o(i.__0printf$8) for __2printf
    main.o(i.G510_PowerOn) refers to stm32f1xx_hal_gpio.o(i.HAL_GPIO_WritePin) for HAL_GPIO_WritePin
    main.o(i.G510_PowerOn) refers to stm32f1xx_hal.o(i.HAL_Delay) for HAL_Delay
    main.o(i.MX_GPIO_Init) refers to stm32f1xx_hal_gpio.o(i.HAL_GPIO_WritePin) for HAL_GPIO_WritePin
    main.o(i.MX_GPIO_Init) refers to stm32f1xx_hal_gpio.o(i.HAL_GPIO_Init) for HAL_GPIO_Init
    main.o(i.MX_TIM2_Init) refers to stm32f1xx_hal_tim.o(i.HAL_TIM_Base_Init) for HAL_TIM_Base_Init
    main.o(i.MX_TIM2_Init) refers to stm32f1xx_hal_tim.o(i.HAL_TIM_ConfigClockSource) for HAL_TIM_ConfigClockSource
    main.o(i.MX_TIM2_Init) refers to stm32f1xx_hal_tim_ex.o(i.HAL_TIMEx_MasterConfigSynchronization) for HAL_TIMEx_MasterConfigSynchronization
    main.o(i.MX_TIM2_Init) refers to main.o(.bss) for .bss
    main.o(i.SystemClock_Config) refers to stm32f1xx_hal_rcc.o(i.HAL_RCC_OscConfig) for HAL_RCC_OscConfig
    main.o(i.SystemClock_Config) refers to stm32f1xx_hal_rcc.o(i.HAL_RCC_ClockConfig) for HAL_RCC_ClockConfig
    main.o(i.SystemClock_Config) refers to stm32f1xx_hal_rcc.o(i.HAL_RCC_GetHCLKFreq) for HAL_RCC_GetHCLKFreq
    main.o(i.SystemClock_Config) refers to stm32f1xx_hal_cortex.o(i.HAL_SYSTICK_Config) for HAL_SYSTICK_Config
    main.o(i.SystemClock_Config) refers to stm32f1xx_hal_cortex.o(i.HAL_SYSTICK_CLKSourceConfig) for HAL_SYSTICK_CLKSourceConfig
    main.o(i.SystemClock_Config) refers to stm32f1xx_hal_cortex.o(i.HAL_NVIC_SetPriority) for HAL_NVIC_SetPriority
    main.o(i.main) refers to stm32f1xx_hal.o(i.HAL_Init) for HAL_Init
    main.o(i.main) refers to main.o(i.SystemClock_Config) for SystemClock_Config
    main.o(i.main) refers to main.o(i.MX_GPIO_Init) for MX_GPIO_Init
    main.o(i.main) refers to main.o(i.MX_TIM2_Init) for MX_TIM2_Init
    main.o(i.main) refers to stm32f1xx_hal_uart.o(i.HAL_UART_Init) for HAL_UART_Init
    main.o(i.main) refers to stm32f1xx_hal_cortex.o(i.HAL_NVIC_SetPriority) for HAL_NVIC_SetPriority
    main.o(i.main) refers to stm32f1xx_hal_cortex.o(i.HAL_NVIC_EnableIRQ) for HAL_NVIC_EnableIRQ
    main.o(i.main) refers to main.o(i.G510_PowerOn) for G510_PowerOn
    main.o(i.main) refers to gizwits_product.o(i.timerInit) for timerInit
    main.o(i.main) refers to gizwits_product.o(i.uartInit) for uartInit
    main.o(i.main) refers to tissuemachine.o(i.uart3Init) for uart3Init
    main.o(i.main) refers to gizwits_product.o(i.userInit) for userInit
    main.o(i.main) refers to gizwits_protocol.o(i.gizwitsInit) for gizwitsInit
    main.o(i.main) refers to printf8.o(i.__0printf$8) for __2printf
    main.o(i.main) refers to gizwits_product.o(i.userHandle) for userHandle
    main.o(i.main) refers to gizwits_protocol.o(i.gizwitsHandle) for gizwitsHandle
    main.o(i.main) refers to main.o(.bss) for .bss
    main.o(i.main) refers to gizwits_product.o(.data) for currentDataPoint
    stm32f1xx_it.o(i.SysTick_Handler) refers to stm32f1xx_hal.o(i.HAL_IncTick) for HAL_IncTick
    stm32f1xx_it.o(i.SysTick_Handler) refers to stm32f1xx_hal_cortex.o(i.HAL_SYSTICK_IRQHandler) for HAL_SYSTICK_IRQHandler
    stm32f1xx_it.o(i.TIM2_IRQHandler) refers to stm32f1xx_hal_tim.o(i.HAL_TIM_IRQHandler) for HAL_TIM_IRQHandler
    stm32f1xx_it.o(i.TIM2_IRQHandler) refers to main.o(.bss) for htim2
[...]
    Removing stm32f1xx_hal_tim.o(i.HAL_TIM_OnePulse_MspInit), (2 bytes).
    Removing stm32f1xx_hal_tim.o(i.HAL_TIM_OnePulse_Start), (48 bytes).
    Removing stm32f1xx_hal_tim.o(i.HAL_TIM_OnePulse_Start_IT), (68 bytes).
    Removing stm32f1xx_hal_tim.o(i.HAL_TIM_OnePulse_Stop), (88 bytes).
    Removing stm32f1xx_hal_tim.o(i.HAL_TIM_OnePulse_Stop_IT), (108 bytes).
    Removing stm32f1xx_hal_tim.o(i.HAL_TIM_PWM_ConfigChannel), (208 bytes).
    Removing stm32f1xx_hal_tim.o(i.HAL_TIM_PWM_DeInit), (56 bytes).
    Removing stm32f1xx_hal_tim.o(i.HAL_TIM_PWM_GetState), (6 bytes).
    Removing stm32f1xx_hal_tim.o(i.HAL_TIM_PWM_Init), (54 bytes).
    Removing stm32f1xx_hal_tim.o(i.HAL_TIM_PWM_MspDeInit), (2 bytes).
    Removing stm32f1xx_hal_tim.o(i.HAL_TIM_PWM_MspInit), (2 bytes).
    Removing stm32f1xx_hal_tim.o(i.HAL_TIM_PWM_Start), (48 bytes).
    Removing stm32f1xx_hal_tim.o(i.HAL_TIM_PWM_Start_DMA), (228 bytes).
    Removing stm32f1xx_hal_tim.o(i.HAL_TIM_PWM_Start_IT), (96 bytes).
    Removing stm32f1xx_hal_tim.o(i.HAL_TIM_PWM_Stop), (84 bytes).
    Removing stm32f1xx_hal_tim.o(i.HAL_TIM_PWM_Stop_DMA), (132 bytes).
    Removing stm32f1xx_hal_tim.o(i.HAL_TIM_PWM_Stop_IT), (128 bytes).
    Removing stm32f1xx_hal_tim.o(i.HAL_TIM_PeriodElapsedCallback), (2 bytes).
    Removing stm32f1xx_hal_tim.o(i.HAL_TIM_ReadCapturedValue), (68 bytes).
    Removing stm32f1xx_hal_tim.o(i.HAL_TIM_SlaveConfigSynchronization), (66 bytes).
    Removing stm32f1xx_hal_tim.o(i.HAL_TIM_SlaveConfigSynchronization_IT), (66 bytes).
    Removing stm32f1xx_hal_tim.o(i.TIM_CCxChannelCmd), (22 bytes).
    Removing stm32f1xx_hal_tim.o(i.TIM_DMACaptureCplt), (62 bytes).
    Removing stm32f1xx_hal_tim.o(i.TIM_DMADelayPulseCplt), (62 bytes).
    Removing stm32f1xx_hal_tim.o(i.TIM_DMAError), (16 bytes).
    Removing stm32f1xx_hal_tim.o(i.TIM_DMAPeriodElapsedCplt), (16 bytes).
    Removing stm32f1xx_hal_tim.o(i.TIM_DMATriggerCplt), (16 bytes).
    Removing stm32f1xx_hal_tim.o(i.TIM_OC1_SetConfig), (88 bytes).
    Removing stm32f1xx_hal_tim.o(i.TIM_OC2_SetConfig), (92 bytes).
    Removing stm32f1xx_hal_tim.o(i.TIM_OC3_SetConfig), (88 bytes).
    Removing stm32f1xx_hal_tim.o(i.TIM_OC4_SetConfig), (68 bytes).
    Removing stm32f1xx_hal_tim.o(i.TIM_SlaveTimer_SetConfig), (124 bytes).
    Removing stm32f1xx_hal_tim.o(i.TIM_TI1_SetConfig), (88 bytes).
    Removing stm32f1xx_hal_tim.o(i.TIM_TI2_SetConfig), (54 bytes).
    Removing stm32f1xx_hal_cortex.o(.rev16_text), (4 bytes).
    Removing stm32f1xx_hal_cortex.o(.revsh_text), (4 bytes).
    Removing stm32f1xx_hal_cortex.o(.rrx_text), (6 bytes).
    Removing stm32f1xx_hal_cortex.o(i.HAL_NVIC_ClearPendingIRQ), (22 bytes).
    Removing stm32f1xx_hal_cortex.o(i.HAL_NVIC_DisableIRQ), (22 bytes).
    Removing stm32f1xx_hal_cortex.o(i.HAL_NVIC_GetActive), (32 bytes).
    Removing stm32f1xx_hal_cortex.o(i.HAL_NVIC_GetPendingIRQ), (32 bytes).
    Removing stm32f1xx_hal_cortex.o(i.HAL_NVIC_GetPriority), (84 bytes).
    Removing stm32f1xx_hal_cortex.o(i.HAL_NVIC_GetPriorityGrouping), (16 bytes).
    Removing stm32f1xx_hal_cortex.o(i.HAL_NVIC_SetPendingIRQ), (22 bytes).
    Removing stm32f1xx_hal_pwr.o(.rev16_text), (4 bytes).
    Removing stm32f1xx_hal_pwr.o(.revsh_text), (4 bytes).
    Removing stm32f1xx_hal_pwr.o(.rrx_text), (6 bytes).
    Removing stm32f1xx_hal_pwr.o(i.HAL_PWR_ConfigPVD), (124 bytes).
    Removing stm32f1xx_hal_pwr.o(i.HAL_PWR_DeInit), (24 bytes).
    Removing stm32f1xx_hal_pwr.o(i.HAL_PWR_DisableBkUpAccess), (12 bytes).
    Removing stm32f1xx_hal_pwr.o(i.HAL_PWR_DisablePVD), (12 bytes).
    Removing stm32f1xx_hal_pwr.o(i.HAL_PWR_DisableSEVOnPend), (16 bytes).
    Removing stm32f1xx_hal_pwr.o(i.HAL_PWR_DisableSleepOnExit), (16 bytes).
    Removing stm32f1xx_hal_pwr.o(i.HAL_PWR_DisableWakeUpPin), (28 bytes).
    Removing stm32f1xx_hal_pwr.o(i.HAL_PWR_EnableBkUpAccess), (12 bytes).
    Removing stm32f1xx_hal_pwr.o(i.HAL_PWR_EnablePVD), (12 bytes).
    Removing stm32f1xx_hal_pwr.o(i.HAL_PWR_EnableSEVOnPend), (16 bytes).
    Removing stm32f1xx_hal_pwr.o(i.HAL_PWR_EnableSleepOnExit), (16 bytes).
    Removing stm32f1xx_hal_pwr.o(i.HAL_PWR_EnableWakeUpPin), (28 bytes).
    Removing stm32f1xx_hal_pwr.o(i.HAL_PWR_EnterSLEEPMode), (32 bytes).
    Removing stm32f1xx_hal_pwr.o(i.HAL_PWR_EnterSTANDBYMode), (32 bytes).
    Removing stm32f1xx_hal_pwr.o(i.HAL_PWR_EnterSTOPMode), (68 bytes).
    Removing stm32f1xx_hal_pwr.o(i.HAL_PWR_PVDCallback), (2 bytes).
    Removing stm32f1xx_hal_pwr.o(i.HAL_PWR_PVD_IRQHandler), (28 bytes).
    Removing stm32f1xx_hal_pwr.o(i.PWR_OverloadWfe), (6 bytes).
    Removing stm32f1xx_hal_uart.o(.rev16_text), (4 bytes).
    Removing stm32f1xx_hal_uart.o(.revsh_text), (4 bytes).
    Removing stm32f1xx_hal_uart.o(.rrx_text), (6 bytes).
    Removing stm32f1xx_hal_uart.o(i.HAL_HalfDuplex_EnableReceiver), (50 bytes).
    Removing stm32f1xx_hal_uart.o(i.HAL_HalfDuplex_EnableTransmitter), (50 bytes).
    Removing stm32f1xx_hal_uart.o(i.HAL_HalfDuplex_Init), (108 bytes).
    Removing stm32f1xx_hal_uart.o(i.HAL_LIN_Init), (122 bytes).
    Removing stm32f1xx_hal_uart.o(i.HAL_LIN_SendBreak), (46 bytes).
    Removing stm32f1xx_hal_uart.o(i.HAL_MultiProcessor_EnterMuteMode), (46 bytes).
    Removing stm32f1xx_hal_uart.o(i.HAL_MultiProcessor_ExitMuteMode), (46 bytes).
    Removing stm32f1xx_hal_uart.o(i.HAL_MultiProcessor_Init), (130 bytes).
    Removing stm32f1xx_hal_uart.o(i.HAL_UART_Abort), (104 bytes).
    Removing stm32f1xx_hal_uart.o(i.HAL_UART_AbortCpltCallback), (2 bytes).
    Removing stm32f1xx_hal_uart.o(i.HAL_UART_AbortReceive), (68 bytes).
    Removing stm32f1xx_hal_uart.o(i.HAL_UART_AbortReceiveCpltCallback), (2 bytes).
    Removing stm32f1xx_hal_uart.o(i.HAL_UART_AbortReceive_IT), (92 bytes).
    Removing stm32f1xx_hal_uart.o(i.HAL_UART_AbortTransmit), (58 bytes).
    Removing stm32f1xx_hal_uart.o(i.HAL_UART_AbortTransmitCpltCallback), (2 bytes).
    Removing stm32f1xx_hal_uart.o(i.HAL_UART_AbortTransmit_IT), (84 bytes).
    Removing stm32f1xx_hal_uart.o(i.HAL_UART_Abort_IT), (172 bytes).
    Removing stm32f1xx_hal_uart.o(i.HAL_UART_DMAPause), (102 bytes).
    Removing stm32f1xx_hal_uart.o(i.HAL_UART_DMAResume), (94 bytes).
    Removing stm32f1xx_hal_uart.o(i.HAL_UART_DMAStop), (88 bytes).
    Removing stm32f1xx_hal_uart.o(i.HAL_UART_DeInit), (40 bytes).
    Removing stm32f1xx_hal_uart.o(i.HAL_UART_GetError), (4 bytes).
    Removing stm32f1xx_hal_uart.o(i.HAL_UART_GetState), (10 bytes).
    Removing stm32f1xx_hal_uart.o(i.HAL_UART_MspDeInit), (2 bytes).
    Removing stm32f1xx_hal_uart.o(i.HAL_UART_MspInit), (2 bytes).
    Removing stm32f1xx_hal_uart.o(i.HAL_UART_Receive), (186 bytes).
    Removing stm32f1xx_hal_uart.o(i.HAL_UART_Receive_DMA), (152 bytes).
    Removing stm32f1xx_hal_uart.o(i.HAL_UART_RxCpltCallback), (2 bytes).
    Removing stm32f1xx_hal_uart.o(i.HAL_UART_RxHalfCpltCallback), (2 bytes).
    Removing stm32f1xx_hal_uart.o(i.HAL_UART_Transmit_DMA), (128 bytes).
    Removing stm32f1xx_hal_uart.o(i.HAL_UART_TxHalfCpltCallback), (2 bytes).
    Removing stm32f1xx_hal_uart.o(i.UART_DMAError), (74 bytes).
    Removing stm32f1xx_hal_uart.o(i.UART_DMAReceiveCplt), (60 bytes).
    Removing stm32f1xx_hal_uart.o(i.UART_DMARxAbortCallback), (42 bytes).
    Removing stm32f1xx_hal_uart.o(i.UART_DMARxHalfCplt), (10 bytes).
    Removing stm32f1xx_hal_uart.o(i.UART_DMARxOnlyAbortCallback), (20 bytes).
    Removing stm32f1xx_hal_uart.o(i.UART_DMATransmitCplt), (46 bytes).
    Removing stm32f1xx_hal_uart.o(i.UART_DMATxAbortCallback), (42 bytes).
    Removing stm32f1xx_hal_uart.o(i.UART_DMATxHalfCplt), (10 bytes).
    Removing stm32f1xx_hal_uart.o(i.UART_DMATxOnlyAbortCallback), (20 bytes).
    Removing stm32f1xx_hal_uart.o(i.UART_EndTxTransfer), (18 bytes).
    Removing startup_stm32f103xb.o(HEAP), (2048 bytes).
    Removing system_stm32f1xx_1.o(.rev16_text), (4 bytes).
    Removing system_stm32f1xx_1.o(.revsh_text), (4 bytes).
    Removing system_stm32f1xx_1.o(.rrx_text), (6 bytes).
    Removing system_stm32f1xx_1.o(i.SystemCoreClockUpdate), (104 bytes).
    Removing fadd.o(.text), (176 bytes).
    Removing fmul.o(.text), (100 bytes).
    Removing fdiv.o(.text), (124 bytes).
    Removing ffltui.o(.text), (10 bytes).
    Removing ffixui.o(.text), (40 bytes).
    Removing fepilogue.o(.text), (110 bytes).
    Removing dadd.o(.text), (334 bytes).
    Removing dmul.o(.text), (228 bytes).
    Removing ddiv.o(.text), (222 bytes).
    Removing dfixul.o(.text), (48 bytes).
    Removing cdrcmple.o(.text), (48 bytes).
    Removing depilogue.o(.text), (186 bytes).

369 unused section(s) (total 23537 bytes) removed from the image.

==============================================================================

Image Symbol Table

    Local Symbols

    Symbol Name                              Value     Ov Type        Size  Object(Section)

    ..//Src/system_stm32f1xx.c               0x00000000   Number         0  system_stm32f1xx_1.o ABSOLUTE
    ../Drivers/STM32F1xx_HAL_Driver/Src/stm32f1xx_hal.c 0x00000000   Number         0  stm32f1xx_hal.o ABSOLUTE
    ../Drivers/STM32F1xx_HAL_Driver/Src/stm32f1xx_hal_cortex.c 0x00000000   Number         0  stm32f1xx_hal_cortex.o ABSOLUTE
    ../Drivers/STM32F1xx_HAL_Driver/Src/stm32f1xx_hal_dma.c 0x00000000   Number         0  stm32f1xx_hal_dma.o ABSOLUTE
    ../Drivers/STM32F1xx_HAL_Driver/Src/stm32f1xx_hal_flash.c 0x00000000   Number         0  stm32f1xx_hal_flash.o ABSOLUTE
    ../Drivers/STM32F1xx_HAL_Driver/Src/stm32f1xx_hal_flash_ex.c 0x00000000   Number         0  stm32f1xx_hal_flash_ex.o ABSOLUTE
    ../Drivers/STM32F1xx_HAL_Driver/Src/stm32f1xx_hal_gpio.c 0x00000000   Number         0  stm32f1xx_hal_gpio.o ABSOLUTE
    ../Drivers/STM32F1xx_HAL_Driver/Src/stm32f1xx_hal_gpio_ex.c 0x00000000   Number         0  stm32f1xx_hal_gpio_ex.o ABSOLUTE
    ../Drivers/STM32F1xx_HAL_Driver/Src/stm32f1xx_hal_pwr.c 0x00000000   Number         0  stm32f1xx_hal_pwr.o ABSOLUTE
    ../Drivers/STM32F1xx_HAL_Driver/Src/stm32f1xx_hal_rcc.c 0x00000000   Number         0  stm32f1xx_hal_rcc.o ABSOLUTE
    ../Drivers/STM32F1xx_HAL_Driver/Src/stm32f1xx_hal_rcc_ex.c 0x00000000   Number         0  stm32f1xx_hal_rcc_ex.o ABSOLUTE
    ../Drivers/STM32F1xx_HAL_Driver/Src/stm32f1xx_hal_tim.c 0x00000000   Number         0  stm32f1xx_hal_tim.o ABSOLUTE
    ../Drivers/STM32F1xx_HAL_Driver/Src/stm32f1xx_hal_tim_ex.c 0x00000000   Number         0  stm32f1xx_hal_tim_ex.o ABSOLUTE
    ../Drivers/STM32F1xx_HAL_Driver/Src/stm32f1xx_hal_uart.c 0x00000000   Number         0  stm32f1xx_hal_uart.o ABSOLUTE
    ../Src/main.c                            0x00000000   Number         0  main.o ABSOLUTE
    ../Src/stm32f1xx_hal_msp.c               0x00000000   Number         0  stm32f1xx_hal_msp.o ABSOLUTE
    ../Src/stm32f1xx_it.c                    0x00000000   Number         0  stm32f1xx_it.o ABSOLUTE
    ../clib/microlib/ctype/toupper.c         0x00000000   Number         0  toupper.o ABSOLUTE
    ../clib/microlib/division.c              0x00000000   Number         0  uldiv.o ABSOLUTE
    ../clib/microlib/division.c              0x00000000   Number         0  uidiv.o ABSOLUTE
    ../clib/microlib/init/entry.s            0x00000000   Number         0  entry8b.o ABSOLUTE
    ../clib/microlib/init/entry.s            0x00000000   Number         0  entry8a.o ABSOLUTE
    ../clib/microlib/init/entry.s            0x00000000   Number         0  entry7b.o ABSOLUTE
    ../clib/microlib/init/entry.s            0x00000000   Number         0  entry5.o ABSOLUTE
    ../clib/microlib/init/entry.s            0x00000000   Number         0  entry2.o ABSOLUTE
    ../clib/microlib/init/entry.s            0x00000000   Number         0  entry.o ABSOLUTE
    ../clib/microlib/init/entry.s            0x00000000   Number         0  entry7a.o ABSOLUTE
    ../clib/microlib/init/entry.s            0x00000000   Number         0  entry11a.o ABSOLUTE
    ../clib/microlib/init/entry.s            0x00000000   Number         0  entry10b.o ABSOLUTE
    ../clib/microlib/init/entry.s            0x00000000   Number         0  entry11b.o ABSOLUTE
    ../clib/microlib/init/entry.s            0x00000000   Number         0  entry10a.o ABSOLUTE
    ../clib/microlib/init/entry.s            0x00000000   Number         0  entry9b.o ABSOLUTE
    ../clib/microlib/init/entry.s            0x00000000   Number         0  entry9a.o ABSOLUTE
    ../clib/microlib/longlong.c              0x00000000   Number         0  llsshr.o ABSOLUTE
    ../clib/microlib/longlong.c              0x00000000   Number         0  llushr.o ABSOLUTE
    ../clib/microlib/longlong.c              0x00000000   Number         0  llshl.o ABSOLUTE
    ../clib/microlib/printf/printf.c         0x00000000   Number         0  printf5.o ABSOLUTE
    ../clib/microlib/printf/printf.c         0x00000000   Number         0  printf2.o ABSOLUTE
    ../clib/microlib/printf/printf.c         0x00000000   Number         0  printf3.o ABSOLUTE
    ../clib/microlib/printf/printf.c         0x00000000   Number         0  printf6.o ABSOLUTE
    ../clib/microlib/printf/printf.c         0x00000000   Number         0  printf7.o ABSOLUTE
    ../clib/microlib/printf/printf.c         0x00000000   Number         0  printfa.o ABSOLUTE
    ../clib/microlib/printf/printf.c         0x00000000   Number         0  printf1.o ABSOLUTE
    ../clib/microlib/printf/printf.c         0x00000000   Number         0  printf8.o ABSOLUTE
    ../clib/microlib/printf/printf.c         0x00000000   Number         0  printf4.o ABSOLUTE
    ../clib/microlib/printf/printf.c         0x00000000   Number         0  printfb.o ABSOLUTE
    ../clib/microlib/printf/printf.c         0x00000000   Number         0  printf0.o ABSOLUTE
    ../clib/microlib/printf/stubs.s          0x00000000   Number         0  stubs.o ABSOLUTE
    ../clib/microlib/stdio/streams.c         0x00000000   Number         0  stdout.o ABSOLUTE
    ../clib/microlib/string/memcmp.c         0x00000000   Number         0  memcmp.o ABSOLUTE
    ../clib/microlib/string/memcpy.c         0x00000000   Number         0  memcpya.o ABSOLUTE
    ../clib/microlib/string/memcpy.c         0x00000000   Number         0  memcpyb.o ABSOLUTE
    ../clib/microlib/string/memset.c         0x00000000   Number         0  memseta.o ABSOLUTE
    ../clib/microlib/string/strlen.c         0x00000000   Number         0  strlen.o ABSOLUTE
    ../clib/microlib/stubs.s                 0x00000000   Number         0  iusefp.o ABSOLUTE
    ../fplib/microlib/fpadd.c                0x00000000   Number         0  dadd.o ABSOLUTE
    ../fplib/microlib/fpadd.c                0x00000000   Number         0  fadd.o ABSOLUTE
    ../fplib/microlib/fpdiv.c                0x00000000   Number         0  fdiv.o ABSOLUTE
    ../fplib/microlib/fpdiv.c                0x00000000   Number         0  ddiv.o ABSOLUTE
    ../fplib/microlib/fpepilogue.c           0x00000000   Number         0  fepilogue.o ABSOLUTE
    ../fplib/microlib/fpepilogue.c           0x00000000   Number         0  depilogue.o ABSOLUTE
    ../fplib/microlib/fpfix.c                0x00000000   Number         0  ffixui.o ABSOLUTE
    ../fplib/microlib/fpfix.c                0x00000000   Number         0  dfixul.o ABSOLUTE
    ../fplib/microlib/fpflt.c                0x00000000   Number         0  ffltui.o ABSOLUTE
    ../fplib/microlib/fpmul.c                0x00000000   Number         0  dmul.o ABSOLUTE
    ../fplib/microlib/fpmul.c                0x00000000   Number         0  fmul.o ABSOLUTE
    ..\Drivers\STM32F1xx_HAL_Driver\Src\stm32f1xx_hal.c 0x00000000   Number         0  stm32f1xx_hal.o ABSOLUTE
    ..\Drivers\STM32F1xx_HAL_Driver\Src\stm32f1xx_hal_cortex.c 0x00000000   Number         0  stm32f1xx_hal_cortex.o ABSOLUTE
    ..\Drivers\STM32F1xx_HAL_Driver\Src\stm32f1xx_hal_dma.c 0x00000000   Number         0  stm32f1xx_hal_dma.o ABSOLUTE
    ..\Drivers\STM32F1xx_HAL_Driver\Src\stm32f1xx_hal_flash.c 0x00000000   Number         0  stm32f1xx_hal_flash.o ABSOLUTE
    ..\Drivers\STM32F1xx_HAL_Driver\Src\stm32f1xx_hal_flash_ex.c 0x00000000   Number         0  stm32f1xx_hal_flash_ex.o ABSOLUTE
    ..\Drivers\STM32F1xx_HAL_Driver\Src\stm32f1xx_hal_gpio.c 0x00000000   Number         0  stm32f1xx_hal_gpio.o ABSOLUTE
    ..\Drivers\STM32F1xx_HAL_Driver\Src\stm32f1xx_hal_gpio_ex.c 0x00000000   Number         0  stm32f1xx_hal_gpio_ex.o ABSOLUTE
    ..\Drivers\STM32F1xx_HAL_Driver\Src\stm32f1xx_hal_pwr.c 0x00000000   Number         0  stm32f1xx_hal_pwr.o ABSOLUTE
    ..\Drivers\STM32F1xx_HAL_Driver\Src\stm32f1xx_hal_rcc.c 0x00000000   Number         0  stm32f1xx_hal_rcc.o ABSOLUTE
    ..\Drivers\STM32F1xx_HAL_Driver\Src\stm32f1xx_hal_rcc_ex.c 0x00000000   Number         0  stm32f1xx_hal_rcc_ex.o ABSOLUTE
    ..\Drivers\STM32F1xx_HAL_Driver\Src\stm32f1xx_hal_tim.c 0x00000000   Number         0  stm32f1xx_hal_tim.o ABSOLUTE
    ..\Drivers\STM32F1xx_HAL_Driver\Src\stm32f1xx_hal_tim_ex.c 0x00000000   Number         0  stm32f1xx_hal_tim_ex.o ABSOLUTE
    ..\Drivers\STM32F1xx_HAL_Driver\Src\stm32f1xx_hal_uart.c 0x00000000   Number         0  stm32f1xx_hal_uart.o ABSOLUTE
    ..\Gizwits\gizwits_product.c             0x00000000   Number         0  gizwits_product.o ABSOLUTE
    ..\Gizwits\gizwits_protocol.c            0x00000000   Number         0  gizwits_protocol.o ABSOLUTE
    ..\Hal\hal_key.c                         0x00000000   Number         0  hal_key.o ABSOLUTE
    ..\Src\TissueMachine.c                   0x00000000   Number         0  tissuemachine.o ABSOLUTE
    ..\Src\main.c                            0x00000000   Number         0  main.o ABSOLUTE
    ..\Src\stm32f1xx_hal_msp.c               0x00000000   Number         0  stm32f1xx_hal_msp.o ABSOLUTE
    ..\Src\stm32f1xx_it.c                    0x00000000   Number         0  stm32f1xx_it.o ABSOLUTE
    ..\Utils\common.c                        0x00000000   Number         0  common.o ABSOLUTE
    ..\Utils\dataPointTools.c                0x00000000   Number         0  datapointtools.o ABSOLUTE
    ..\Utils\ringbuffer.c                    0x00000000   Number         0  ringbuffer.o ABSOLUTE
    ..\\Gizwits\\gizwits_product.c           0x00000000   Number         0  gizwits_product.o ABSOLUTE
    ..\\Gizwits\\gizwits_protocol.c          0x00000000   Number         0  gizwits_protocol.o ABSOLUTE
    ..\\Hal\\hal_key.c                       0x00000000   Number         0  hal_key.o ABSOLUTE
    ..\\Src\\TissueMachine.c                 0x00000000   Number         0  tissuemachine.o ABSOLUTE
    ..\\Src\system_stm32f1xx.c               0x00000000   Number         0  system_stm32f1xx_1.o ABSOLUTE
    cdrcmple.s                               0x00000000   Number         0  cdrcmple.o ABSOLUTE
    dc.s                                     0x00000000   Number         0  dc.o ABSOLUTE
    handlers.s                               0x00000000   Number         0  handlers.o ABSOLUTE
    init.s                                   0x00000000   Number         0  init.o ABSOLUTE
    startup_stm32f103xb.s                    0x00000000   Number         0  startup_stm32f103xb.o ABSOLUTE
    RESET                                    0x08000000   Section      236  startup_stm32f103xb.o(RESET)
    .ARM.Collect$$$$00000000                 0x080000ec   Section        0  entry.o(.ARM.Collect$$$$00000000)
    .ARM.Collect$$$$00000001                 0x080000ec   Section        4  entry2.o(.ARM.Collect$$$$00000001)
    .ARM.Collect$$$$00000004                 0x080000f0   Section        4  entry5.o(.ARM.Collect$$$$00000004)
    .ARM.Collect$$$$00000008                 0x080000f4   Section        0  entry7b.o(.ARM.Collect$$$$00000008)
    .ARM.Collect$$$$0000000A                 0x080000f4   Section        0  entry8b.o(.ARM.Collect$$$$0000000A)
    .ARM.Collect$$$$0000000B                 0x080000f4   Section        8  entry9a.o(.ARM.Collect$$$$0000000B)
    .ARM.Collect$$$$0000000D                 0x080000fc   Section        0  entry10a.o(.ARM.Collect$$$$0000000D)
    .ARM.Collect$$$$0000000F                 0x080000fc   Section        0  entry11a.o(.ARM.Collect$$$$0000000F)
    .ARM.Collect$$$$00002712                 0x080000fc   Section        4  entry2.o(.ARM.Collect$$$$00002712)
    __lit__00000000                          0x080000fc   Data           4  entry2.o(.ARM.Collect$$$$00002712)
    .text                                    0x08000100   Section       36  startup_stm32f103xb.o(.text)
    .text                                    0x08000124   Section        0  llushr.o(.text)
    .text                                    0x08000144   Section        0  memcpya.o(.text)
    .text                                    0x08000168   Section        0  memseta.o(.text)
    .text                                    0x0800018c   Section        0  memcmp.o(.text)
    .text                                    0x080001a6   Section        0  uldiv.o(.text)
    .text                                    0x08000208   Section       36  init.o(.text)
    .text                                    0x0800022c   Section        0  llshl.o(.text)
    i.BusFault_Handler                       0x0800024a   Section        0  stm32f1xx_it.o(i.BusFault_Handler)
    i.DebugMon_Handler                       0x0800024c   Section        0  stm32f1xx_it.o(i.DebugMon_Handler)
    i.G510_PowerOn                           0x08000250   Section        0  main.o(i.G510_PowerOn)
    i.HAL_DMA_Abort_IT                       0x080002b0   Section        0  stm32f1xx_hal_dma.o(i.HAL_DMA_Abort_IT)
    i.HAL_Delay                              0x08000348   Section        0  stm32f1xx_hal.o(i.HAL_Delay)
    i.HAL_GPIO_Init                          0x0800036c   Section        0  stm32f1xx_hal_gpio.o(i.HAL_GPIO_Init)
    i.HAL_GPIO_ReadPin                       0x08000534   Section        0  stm32f1xx_hal_gpio.o(i.HAL_GPIO_ReadPin)
    i.HAL_GPIO_WritePin                      0x0800053e   Section        0  stm32f1xx_hal_gpio.o(i.HAL_GPIO_WritePin)
    i.HAL_GetTick                            0x08000548   Section        0  stm32f1xx_hal.o(i.HAL_GetTick)
    i.HAL_IncTick                            0x08000554   Section        0  stm32f1xx_hal.o(i.HAL_IncTick)
    i.HAL_Init                               0x08000564   Section        0  stm32f1xx_hal.o(i.HAL_Init)
    i.HAL_InitTick                           0x08000588   Section        0  stm32f1xx_hal.o(i.HAL_InitTick)
    i.HAL_MspInit                            0x080005c8   Section        0  stm32f1xx_hal_msp.o(i.HAL_MspInit)
    i.HAL_NVIC_EnableIRQ                     0x08000648   Section        0  stm32f1xx_hal_cortex.o(i.HAL_NVIC_EnableIRQ)
    i.HAL_NVIC_SetPriority                   0x08000660   Section        0  stm32f1xx_hal_cortex.o(i.HAL_NVIC_SetPriority)
    i.HAL_NVIC_SetPriorityGrouping           0x080006a0   Section        0  stm32f1xx_hal_cortex.o(i.HAL_NVIC_SetPriorityGrouping)
    i.HAL_NVIC_SystemReset                   0x080006c4   Section        0  stm32f1xx_hal_cortex.o(i.HAL_NVIC_SystemReset)
    i.HAL_RCC_ClockConfig                    0x080006e8   Section        0  stm32f1xx_hal_rcc.o(i.HAL_RCC_ClockConfig)
    i.HAL_RCC_GetHCLKFreq                    0x08000834   Section        0  stm32f1xx_hal_rcc.o(i.HAL_RCC_GetHCLKFreq)
    i.HAL_RCC_GetPCLK1Freq                   0x08000840   Section        0  stm32f1xx_hal_rcc.o(i.HAL_RCC_GetPCLK1Freq)
    i.HAL_RCC_GetPCLK2Freq                   0x08000860   Section        0  stm32f1xx_hal_rcc.o(i.HAL_RCC_GetPCLK2Freq)
    i.HAL_RCC_GetSysClockFreq                0x08000880   Section        0  stm32f1xx_hal_rcc.o(i.HAL_RCC_GetSysClockFreq)
    i.HAL_RCC_OscConfig                      0x080008ec   Section        0  stm32f1xx_hal_rcc.o(i.HAL_RCC_OscConfig)
    i.HAL_SYSTICK_CLKSourceConfig            0x08000be4   Section        0  stm32f1xx_hal_cortex.o(i.HAL_SYSTICK_CLKSourceConfig)
    i.HAL_SYSTICK_Callback                   0x08000bfc   Section        0  stm32f1xx_hal_cortex.o(i.HAL_SYSTICK_Callback)
    i.HAL_SYSTICK_Config                     0x08000bfe   Section        0  stm32f1xx_hal_cortex.o(i.HAL_SYSTICK_Config)
    i.HAL_SYSTICK_IRQHandler                 0x08000c26   Section        0  stm32f1xx_hal_cortex.o(i.HAL_SYSTICK_IRQHandler)
    i.HAL_TIMEx_BreakCallback                0x08000c2e   Section        0  stm32f1xx_hal_tim_ex.o(i.HAL_TIMEx_BreakCallback)
    i.HAL_TIMEx_CommutationCallback          0x08000c30   Section        0  stm32f1xx_hal_tim_ex.o(i.HAL_TIMEx_CommutationCallback)
    i.HAL_TIMEx_MasterConfigSynchronization  0x08000c32   Section        0  stm32f1xx_hal_tim_ex.o(i.HAL_TIMEx_MasterConfigSynchronization)
    i.HAL_TIM_Base_Init                      0x08000c82   Section        0  stm32f1xx_hal_tim.o(i.HAL_TIM_Base_Init)
    i.HAL_TIM_Base_MspInit                   0x08000cb8   Section        0  stm32f1xx_hal_msp.o(i.HAL_TIM_Base_MspInit)
    i.HAL_TIM_Base_Start_IT                  0x08000cdc   Section        0  stm32f1xx_hal_tim.o(i.HAL_TIM_Base_Start_IT)
    i.HAL_TIM_ConfigClockSource              0x08000cf4   Section        0  stm32f1xx_hal_tim.o(i.HAL_TIM_ConfigClockSource)
    i.HAL_TIM_IC_CaptureCallback             0x08000de4   Section        0  stm32f1xx_hal_tim.o(i.HAL_TIM_IC_CaptureCallback)
    i.HAL_TIM_IRQHandler                     0x08000de6   Section        0  stm32f1xx_hal_tim.o(i.HAL_TIM_IRQHandler)
    i.HAL_TIM_OC_DelayElapsedCallback        0x08000f4c   Section        0  stm32f1xx_hal_tim.o(i.HAL_TIM_OC_DelayElapsedCallback)
    i.HAL_TIM_PWM_PulseFinishedCallback      0x08000f4e   Section        0  stm32f1xx_hal_tim.o(i.HAL_TIM_PWM_PulseFinishedCallback)
    i.HAL_TIM_PeriodElapsedCallback          0x08000f50   Section        0  gizwits_product.o(i.HAL_TIM_PeriodElapsedCallback)
    i.HAL_TIM_TriggerCallback                0x08000f70   Section        0  stm32f1xx_hal_tim.o(i.HAL_TIM_TriggerCallback)
    i.HAL_UART_ErrorCallback                 0x08000f72   Section        0  stm32f1xx_hal_uart.o(i.HAL_UART_ErrorCallback)
    i.HAL_UART_IRQHandler                    0x08000f74   Section        0  stm32f1xx_hal_uart.o(i.HAL_UART_IRQHandler)
    i.HAL_UART_Init                          0x08001084   Section        0  stm32f1xx_hal_uart.o(i.HAL_UART_Init)
    i.HAL_UART_MspInit                       0x080010e8   Section        0  stm32f1xx_hal_msp.o(i.HAL_UART_MspInit)
    i.HAL_UART_Receive_IT                    0x080011a4   Section        0  stm32f1xx_hal_uart.o(i.HAL_UART_Receive_IT)
    i.HAL_UART_RxCpltCallback                0x080011f8   Section        0  gizwits_product.o(i.HAL_UART_RxCpltCallback)
    i.HAL_UART_Transmit                      0x08001238   Section        0  stm32f1xx_hal_uart.o(i.HAL_UART_Transmit)
    i.HAL_UART_Transmit_IT                   0x080012f2   Section        0  stm32f1xx_hal_uart.o(i.HAL_UART_Transmit_IT)
    i.HAL_UART_TxCpltCallback                0x08001330   Section        0  stm32f1xx_hal_uart.o(i.HAL_UART_TxCpltCallback)
    i.HardFault_Handler                      0x08001332   Section        0  stm32f1xx_it.o(i.HardFault_Handler)
    i.MX_GPIO_Init                           0x08001334   Section        0  main.o(i.MX_GPIO_Init)
    MX_GPIO_Init                             0x08001335   Thumb Code   136  main.o(i.MX_GPIO_Init)
    i.MX_TIM2_Init                           0x080013c8   Section        0  main.o(i.MX_TIM2_Init)
    MX_TIM2_Init                             0x080013c9   Thumb Code    78  main.o(i.MX_TIM2_Init)
    i.MemManage_Handler                      0x0800141c   Section        0  stm32f1xx_it.o(i.MemManage_Handler)
    i.NMI_Handler                            0x0800141e   Section        0  stm32f1xx_it.o(i.NMI_Handler)
    i.NVIC_SetPriority                       0x08001420   Section        0  stm32f1xx_hal_cortex.o(i.NVIC_SetPriority)
    NVIC_SetPriority                         0x08001421   Thumb Code    32  stm32f1xx_hal_cortex.o(i.NVIC_SetPriority)
    i.PendSV_Handler                         0x08001440   Section        0  stm32f1xx_it.o(i.PendSV_Handler)
    i.SVC_Handler                            0x08001442   Section        0  stm32f1xx_it.o(i.SVC_Handler)
    i.SysTick_Handler                        0x08001444   Section        0  stm32f1xx_it.o(i.SysTick_Handler)
    i.SystemClock_Config                     0x08001452   Section        0  main.o(i.SystemClock_Config)
    i.SystemInit                             0x080014bc   Section        0  system_stm32f1xx_1.o(i.SystemInit)
    i.TIM2_IRQHandler                        0x08001504   Section        0  stm32f1xx_it.o(i.TIM2_IRQHandler)
    i.TIM_Base_SetConfig                     0x08001510   Section        0  stm32f1xx_hal_tim.o(i.TIM_Base_SetConfig)
    i.TIM_ETR_SetConfig                      0x0800157c   Section        0  stm32f1xx_hal_tim.o(i.TIM_ETR_SetConfig)
    TIM_ETR_SetConfig                        0x0800157d   Thumb Code    20  stm32f1xx_hal_tim.o(i.TIM_ETR_SetConfig)
    i.TIM_ITRx_SetConfig                     0x08001590   Section        0  stm32f1xx_hal_tim.o(i.TIM_ITRx_SetConfig)
    TIM_ITRx_SetConfig                       0x08001591   Thumb Code    16  stm32f1xx_hal_tim.o(i.TIM_ITRx_SetConfig)
    i.TIM_TI1_ConfigInputStage               0x080015a0   Section        0  stm32f1xx_hal_tim.o(i.TIM_TI1_ConfigInputStage)
    TIM_TI1_ConfigInputStage                 0x080015a1   Thumb Code    34  stm32f1xx_hal_tim.o(i.TIM_TI1_ConfigInputStage)
    i.TIM_TI2_ConfigInputStage               0x080015c2   Section        0  stm32f1xx_hal_tim.o(i.TIM_TI2_ConfigInputStage)
    TIM_TI2_ConfigInputStage                 0x080015c3   Thumb Code    36  stm32f1xx_hal_tim.o(i.TIM_TI2_ConfigInputStage)
    i.UART_DMAAbortOnError                   0x080015e6   Section        0  stm32f1xx_hal_uart.o(i.UART_DMAAbortOnError)
    UART_DMAAbortOnError                     0x080015e7   Thumb Code    16  stm32f1xx_hal_uart.o(i.UART_DMAAbortOnError)
    i.UART_EndRxTransfer                     0x080015f6   Section        0  stm32f1xx_hal_uart.o(i.UART_EndRxTransfer)
    UART_EndRxTransfer                       0x080015f7   Thumb Code    28  stm32f1xx_hal_uart.o(i.UART_EndRxTransfer)
    i.UART_Receive_IT                        0x08001612   Section        0  stm32f1xx_hal_uart.o(i.UART_Receive_IT)
    UART_Receive_IT                          0x08001613   Thumb Code   150  stm32f1xx_hal_uart.o(i.UART_Receive_IT)
    i.UART_SetConfig                         0x080016a8   Section        0  stm32f1xx_hal_uart.o(i.UART_SetConfig)
    UART_SetConfig                           0x080016a9   Thumb Code   364  stm32f1xx_hal_uart.o(i.UART_SetConfig)
    i.UART_Transmit_IT                       0x08001818   Section        0  stm32f1xx_hal_uart.o(i.UART_Transmit_IT)
    UART_Transmit_IT                         0x08001819   Thumb Code    98  stm32f1xx_hal_uart.o(i.UART_Transmit_IT)
    i.UART_WaitOnFlagUntilTimeout            0x0800187a   Section        0  stm32f1xx_hal_uart.o(i.UART_WaitOnFlagUntilTimeout)
    UART_WaitOnFlagUntilTimeout              0x0800187b   Thumb Code    98  stm32f1xx_hal_uart.o(i.UART_WaitOnFlagUntilTimeout)
    i.USART1_IRQHandler                      0x080018dc   Section        0  stm32f1xx_it.o(i.USART1_IRQHandler)
    i.USART3_IRQHandler                      0x080018e8   Section        0  stm32f1xx_it.o(i.USART3_IRQHandler)
    i.UsageFault_Handler                     0x080018f4   Section        0  stm32f1xx_it.o(i.UsageFault_Handler)
    i.__0printf$8                            0x080018f8   Section        0  printf8.o(i.__0printf$8)
    i.__scatterload_copy                     0x08001918   Section       14  handlers.o(i.__scatterload_copy)
    i.__scatterload_null                     0x08001926   Section        2  handlers.o(i.__scatterload_null)
    i.__scatterload_zeroinit                 0x08001928   Section       14  handlers.o(i.__scatterload_zeroinit)
    i._printf_core                           0x08001938   Section        0  printf8.o(i._printf_core)
    _printf_core                             0x08001939   Thumb Code   996  printf8.o(i._printf_core)
    i._printf_post_padding                   0x08001d48   Section        0  printf8.o(i._printf_post_padding)
    _printf_post_padding                     0x08001d49   Thumb Code    36  printf8.o(i._printf_post_padding)
    i._printf_pre_padding                    0x08001d6c   Section        0  printf8.o(i._printf_pre_padding)
    _printf_pre_padding                      0x08001d6d   Thumb Code    46  printf8.o(i._printf_pre_padding)
    i.exchangeBytes                          0x08001d9a   Section        0  common.o(i.exchangeBytes)
    i.exchangeWord                           0x08001dba   Section        0  common.o(i.exchangeWord)
    i.fputc                                  0x08001dc0   Section        0  gizwits_product.o(i.fputc)
    i.getKey                                 0x08001dd8   Section        0  hal_key.o(i.getKey)
    i.gizAcrossByteJudge                     0x08001e34   Section        0  datapointtools.o(i.gizAcrossByteJudge)
    i.gizByteOrderExchange                   0x08001e52   Section        0  datapointtools.o(i.gizByteOrderExchange)
    i.gizCheckReport                         0x08001e78   Section        0  gizwits_protocol.o(i.gizCheckReport)
    gizCheckReport                           0x08001e79   Thumb Code   114  gizwits_protocol.o(i.gizCheckReport)
    i.gizDataPoint2Event                     0x08001fa0   Section        0  gizwits_protocol.o(i.gizDataPoint2Event)
    gizDataPoint2Event                       0x08001fa1   Thumb Code   120  gizwits_protocol.o(i.gizDataPoint2Event)
    i.gizDataPoints2ReportData               0x08002044   Section        0  gizwits_protocol.o(i.gizDataPoints2ReportData)
    gizDataPoints2ReportData                 0x08002045   Thumb Code   160  gizwits_protocol.o(i.gizDataPoints2ReportData)
    i.gizDevReportPolicy                     0x08002150   Section        0  gizwits_protocol.o(i.gizDevReportPolicy)
    gizDevReportPolicy                       0x08002151   Thumb Code   128  gizwits_protocol.o(i.gizDevReportPolicy)
    i.gizGetTimerCount                       0x08002210   Section        0  gizwits_product.o(i.gizGetTimerCount)
    i.gizProtocolAckHandle                   0x0800221c   Section        0  gizwits_protocol.o(i.gizProtocolAckHandle)
    gizProtocolAckHandle                     0x0800221d   Thumb Code    78  gizwits_protocol.o(i.gizProtocolAckHandle)
    i.gizProtocolCommonAck                   0x0800229c   Section        0  gizwits_protocol.o(i.gizProtocolCommonAck)
    gizProtocolCommonAck                     0x0800229d   Thumb Code    80  gizwits_protocol.o(i.gizProtocolCommonAck)
    i.gizProtocolErrorCmd                    0x08002338   Section        0  gizwits_protocol.o(i.gizProtocolErrorCmd)
    gizProtocolErrorCmd                      0x08002339   Thumb Code    88  gizwits_protocol.o(i.gizProtocolErrorCmd)
    i.gizProtocolGetDeviceInfo               0x080023e0   Section        0  gizwits_protocol.o(i.gizProtocolGetDeviceInfo)
    gizProtocolGetDeviceInfo                 0x080023e1   Thumb Code   180  gizwits_protocol.o(i.gizProtocolGetDeviceInfo)
    i.gizProtocolGetOnePacket                0x08002560   Section        0  gizwits_protocol.o(i.gizProtocolGetOnePacket)
    gizProtocolGetOnePacket                  0x08002561   Thumb Code   266  gizwits_protocol.o(i.gizProtocolGetOnePacket)
    i.gizProtocolHeadInit                    0x080026a4   Section        0  gizwits_protocol.o(i.gizProtocolHeadInit)
    gizProtocolHeadInit                      0x080026a5   Thumb Code    32  gizwits_protocol.o(i.gizProtocolHeadInit)
    i.gizProtocolIssuedDataAck               0x080026f0   Section        0  gizwits_protocol.o(i.gizProtocolIssuedDataAck)
    gizProtocolIssuedDataAck                 0x080026f1   Thumb Code   198  gizwits_protocol.o(i.gizProtocolIssuedDataAck)
    i.gizProtocolIssuedProcess               0x08002814   Section        0  gizwits_protocol.o(i.gizProtocolIssuedProcess)
    gizProtocolIssuedProcess                 0x08002815   Thumb Code   192  gizwits_protocol.o(i.gizProtocolIssuedProcess)
    i.gizProtocolModuleStatus                0x0800290c   Section        0  gizwits_protocol.o(i.gizProtocolModuleStatus)
    gizProtocolModuleStatus                  0x0800290d   Thumb Code   574  gizwits_protocol.o(i.gizProtocolModuleStatus)
    i.gizProtocolNTP                         0x08002d30   Section        0  gizwits_protocol.o(i.gizProtocolNTP)
    gizProtocolNTP                           0x08002d31   Thumb Code    88  gizwits_protocol.o(i.gizProtocolNTP)
    i.gizProtocolResendData                  0x08002da4   Section        0  gizwits_protocol.o(i.gizProtocolResendData)
    gizProtocolResendData                    0x08002da5   Thumb Code    52  gizwits_protocol.o(i.gizProtocolResendData)
    i.gizProtocolSum                         0x08002e1c   Section        0  common.o(i.gizProtocolSum)
    i.gizProtocolWaitAck                     0x08002e40   Section        0  gizwits_protocol.o(i.gizProtocolWaitAck)
    gizProtocolWaitAck                       0x08002e41   Thumb Code    64  gizwits_protocol.o(i.gizProtocolWaitAck)
    i.gizProtocolWaitAckCheck                0x08002e9c   Section        0  gizwits_protocol.o(i.gizProtocolWaitAckCheck)
    gizProtocolWaitAckCheck                  0x08002e9d   Thumb Code    42  gizwits_protocol.o(i.gizProtocolWaitAckCheck)
    i.gizPutData                             0x08002ee4   Section        0  gizwits_protocol.o(i.gizPutData)
    i.gizReportData                          0x08002f64   Section        0  gizwits_protocol.o(i.gizReportData)
    gizReportData                            0x08002f65   Thumb Code   126  gizwits_protocol.o(i.gizReportData)
    i.gizStandardCompressValue               0x08003030   Section        0  datapointtools.o(i.gizStandardCompressValue)
    i.gizStandardDecompressionValue          0x08003080   Section        0  datapointtools.o(i.gizStandardDecompressionValue)
    i.gizTimerMs                             0x08003100   Section        0  gizwits_product.o(i.gizTimerMs)
    i.gizwitsEventProcess                    0x08003110   Section        0  gizwits_product.o(i.gizwitsEventProcess)
    i.gizwitsHandle                          0x080032d8   Section        0  gizwits_protocol.o(i.gizwitsHandle)
    i.gizwitsInit                            0x08003628   Section        0  gizwits_protocol.o(i.gizwitsInit)
    i.keyHandle                              0x08003684   Section        0  hal_key.o(i.keyHandle)
    i.main                                   0x08003700   Section        0  main.o(i.main)
    i.mcuRestart                             0x080037f8   Section        0  gizwits_product.o(i.mcuRestart)
    i.rbCanRead                              0x08003802   Section        0  ringbuffer.o(i.rbCanRead)
    i.rbCanWrite                             0x08003834   Section        0  ringbuffer.o(i.rbCanWrite)
    i.rbCapacity                             0x08003850   Section        0  ringbuffer.o(i.rbCapacity)
    i.rbCreate                               0x0800385c   Section        0  ringbuffer.o(i.rbCreate)
    i.rbRead                                 0x0800386e   Section        0  ringbuffer.o(i.rbRead)
    i.rbWrite                                0x080038ec   Section        0  ringbuffer.o(i.rbWrite)
    i.readKeyValue                           0x0800397c   Section        0  hal_key.o(i.readKeyValue)
    i.sendControl2TissueMachine              0x08003a04   Section        0  tissuemachine.o(i.sendControl2TissueMachine)
    i.timerInit                              0x08003a14   Section        0  gizwits_product.o(i.timerInit)
    i.uart3Init                              0x08003a20   Section        0  tissuemachine.o(i.uart3Init)
    i.uart3Receive                           0x08003a34   Section        0  tissuemachine.o(i.uart3Receive)
    i.uartInit                               0x08003a54   Section        0  gizwits_product.o(i.uartInit)
    i.uartWrite                              0x08003a68   Section        0  gizwits_product.o(i.uartWrite)
    i.userHandle                             0x08003b20   Section        0  gizwits_product.o(i.userHandle)
    i.userInit                               0x08003bf8   Section        0  gizwits_product.o(i.userInit)
    .constdata                               0x08003c18   Section       52  gizwits_product.o(.constdata)
    CUT_TISSUE                               0x08003c18   Data           3  gizwits_product.o(.constdata)
    SET_LEN_60CM                             0x08003c1b   Data           3  gizwits_product.o(.constdata)
    SET_LEN_80CM                             0x08003c1e   Data           3  gizwits_product.o(.constdata)
    SET_LEN_100CM                            0x08003c21   Data           3  gizwits_product.o(.constdata)
    GIVE_LEN_15CM                            0x08003c24   Data           4  gizwits_product.o(.constdata)
    GIVE_LEN_60CM                            0x08003c28   Data           4  gizwits_product.o(.constdata)
    GIVE_LEN_80CM                            0x08003c2c   Data           4  gizwits_product.o(.constdata)
    GIVE_LEN_100CM                           0x08003c30   Data           4  gizwits_product.o(.constdata)
    TISSUE_EMPTY                             0x08003c34   Data           4  gizwits_product.o(.constdata)
    TISSUE_JAM                               0x08003c38   Data           4  gizwits_product.o(.constdata)
    TISSUE_LEN_60CM                          0x08003c3c   Data           4  gizwits_product.o(.constdata)
    TISSUE_LEN_80CM                          0x08003c40   Data           4  gizwits_product.o(.constdata)
    TISSUE_LEN_100CM                         0x08003c44   Data           4  gizwits_product.o(.constdata)
    TISSUE_FULL                              0x08003c48   Data           4  gizwits_product.o(.constdata)
    .constdata                               0x08003c4c   Section       16  system_stm32f1xx_1.o(.constdata)
    .constdata                               0x08003c5c   Section        8  system_stm32f1xx_1.o(.constdata)
    .data                                    0x20000000   Section        9  tissuemachine.o(.data)
    .data                                    0x20000009   Section        5  main.o(.data)
    .data                                    0x20000010   Section       20  gizwits_product.o(.data)
    timerMsCount                             0x20000018   Data           4  gizwits_product.o(.data)
    .data                                    0x20000024   Section       12  gizwits_protocol.o(.data)
    protocolFlag                             0x20000024   Data           1  gizwits_protocol.o(.data)
    lastData                                 0x20000025   Data           1  gizwits_protocol.o(.data)
    debugCount                               0x20000026   Data           1  gizwits_protocol.o(.data)
    protocolCount                            0x20000028   Data           2  gizwits_protocol.o(.data)
    lastStatus                               0x2000002a   Data           2  gizwits_protocol.o(.data)
    lastRepTime                              0x2000002c   Data           4  gizwits_protocol.o(.data)
    .data                                    0x20000030   Section       10  hal_key.o(.data)
    keyTotolNum                              0x20000030   Data           1  hal_key.o(.data)
    keyCheck                                 0x20000031   Data           1  hal_key.o(.data)
    keyState                                 0x20000032   Data           1  hal_key.o(.data)
    key_total                                0x20000033   Data           1  hal_key.o(.data)
    keyLongCheck                             0x20000036   Data           2  hal_key.o(.data)
    keyPrev                                  0x20000038   Data           2  hal_key.o(.data)
    .data                                    0x2000003c   Section       12  stm32f1xx_hal.o(.data)
    .data                                    0x20000048   Section        4  system_stm32f1xx_1.o(.data)
    .data                                    0x2000004c   Section        4  stdout.o(.data)
    .bss                                     0x20000050   Section      256  main.o(.bss)
    .bss                                     0x20000150   Section      340  gizwits_protocol.o(.bss)
    rbBuf                                    0x20000272   Data          50  gizwits_protocol.o(.bss)
    STACK                                    0x200002a8   Section     8192  startup_stm32f103xb.o(STACK)

    Global Symbols

    Symbol Name                              Value     Ov Type        Size  Object(Section)

    BuildAttributes$$THM_ISAv4$P$D$K$B$S$PE$A:L22UL41UL21$X:L11$S22US41US21$IEEE1$IW$USESV6$~STKCKD$USESV7$~SHL$OTIME$ROPI$EBA8$MICROLIB$REQ8$PRES8$EABIv2 0x00000000   Number         0  anon$$obj.o ABSOLUTE
    __ARM_use_no_argv                        0x00000000   Number         0  main.o ABSOLUTE
    _printf_a                                0x00000000   Number         0  stubs.o ABSOLUTE
    _printf_c                                0x00000000   Number         0  stubs.o ABSOLUTE
    _printf_charcount                        0x00000000   Number         0  stubs.o ABSOLUTE
    _printf_d                                0x00000000   Number         0  stubs.o ABSOLUTE
    _printf_e                                0x00000000   Number         0  stubs.o ABSOLUTE
    _printf_f                                0x00000000   Number         0  stubs.o ABSOLUTE
    _printf_flags                            0x00000000   Number         0  stubs.o ABSOLUTE
    _printf_fp_dec                           0x00000000   Number         0  stubs.o ABSOLUTE
    _printf_fp_hex                           0x00000000   Number         0  stubs.o ABSOLUTE
    _printf_g                                0x00000000   Number         0  stubs.o ABSOLUTE
    _printf_i                                0x00000000   Number         0  stubs.o ABSOLUTE
    _printf_int_dec                          0x00000000   Number         0  stubs.o ABSOLUTE
    _printf_l                                0x00000000   Number         0  stubs.o ABSOLUTE
    _printf_lc                               0x00000000   Number         0  stubs.o ABSOLUTE
    _printf_ll                               0x00000000   Number         0  stubs.o ABSOLUTE
    _printf_lld                              0x00000000   Number         0  stubs.o ABSOLUTE
    _printf_lli                              0x00000000   Number         0  stubs.o ABSOLUTE
    _printf_llo                              0x00000000   Number         0  stubs.o ABSOLUTE
    _printf_llu                              0x00000000   Number         0  stubs.o ABSOLUTE
    _printf_llx                              0x00000000   Number         0  stubs.o ABSOLUTE
    _printf_longlong_dec                     0x00000000   Number         0  stubs.o ABSOLUTE
    _printf_longlong_hex                     0x00000000   Number         0  stubs.o ABSOLUTE
    _printf_longlong_oct                     0x00000000   Number         0  stubs.o ABSOLUTE
    _printf_ls                               0x00000000   Number         0  stubs.o ABSOLUTE
    _printf_mbtowc                           0x00000000   Number         0  stubs.o ABSOLUTE
    _printf_n                                0x00000000   Number         0  stubs.o ABSOLUTE
    _printf_o                                0x00000000   Number         0  stubs.o ABSOLUTE
    _printf_p                                0x00000000   Number         0  stubs.o ABSOLUTE
    _printf_percent                          0x00000000   Number         0  stubs.o ABSOLUTE
    _printf_pre_padding                      0x00000000   Number         0  stubs.o ABSOLUTE
    _printf_return_value                     0x00000000   Number         0  stubs.o ABSOLUTE
    _printf_s                                0x00000000   Number         0  stubs.o ABSOLUTE
    _printf_sizespec                         0x00000000   Number         0  stubs.o ABSOLUTE
    _printf_str                              0x00000000   Number         0  stubs.o ABSOLUTE
    _printf_truncate_signed                  0x00000000   Number         0  stubs.o ABSOLUTE
    _printf_truncate_unsigned                0x00000000   Number         0  stubs.o ABSOLUTE
    _printf_u                                0x00000000   Number         0  stubs.o ABSOLUTE
    _printf_wc                               0x00000000   Number         0  stubs.o ABSOLUTE
    _printf_wctomb                           0x00000000   Number         0  stubs.o ABSOLUTE
    _printf_widthprec                        0x00000000   Number         0  stubs.o ABSOLUTE
    _printf_x                                0x00000000   Number         0  stubs.o ABSOLUTE
    __cpp_initialize__aeabi_                  - Undefined Weak Reference
    __cxa_finalize                            - Undefined Weak Reference
    __decompress                              - Undefined Weak Reference
    _clock_init                               - Undefined Weak Reference
    _microlib_exit                            - Undefined Weak Reference
    __Vectors_Size                           0x000000ec   Number         0  startup_stm32f103xb.o ABSOLUTE
    __Vectors                                0x08000000   Data           4  startup_stm32f103xb.o(RESET)
    __Vectors_End                            0x080000ec   Data           0  startup_stm32f103xb.o(RESET)
    __main                                   0x080000ed   Thumb Code     0  entry.o(.ARM.Collect$$$$00000000)
    _main_stk                                0x080000ed   Thumb Code     0  entry2.o(.ARM.Collect$$$$00000001)
    _main_scatterload                        0x080000f1   Thumb Code     0  entry5.o(.ARM.Collect$$$$00000004)
    __main_after_scatterload                 0x080000f5   Thumb Code     0  entry5.o(.ARM.Collect$$$$00000004)
    _main_clock                              0x080000f5   Thumb Code     0  entry7b.o(.ARM.Collect$$$$00000008)
    _main_cpp_init                           0x080000f5   Thumb Code     0  entry8b.o(.ARM.Collect$$$$0000000A)
    _main_init                               0x080000f5   Thumb Code     0  entry9a.o(.ARM.Collect$$$$0000000B)
    __rt_final_cpp                           0x080000fd   Thumb Code     0  entry10a.o(.ARM.Collect$$$$0000000D)
    __rt_final_exit                          0x080000fd   Thumb Code     0  entry11a.o(.ARM.Collect$$$$0000000F)
    Reset_Handler                            0x08000101   Thumb Code     8  startup_stm32f103xb.o(.text)
    ADC1_2_IRQHandler                        0x0800011b   Thumb Code     0  startup_stm32f103xb.o(.text)
    CAN1_RX1_IRQHandler                      0x0800011b   Thumb Code     0  startup_stm32f103xb.o(.text)
    CAN1_SCE_IRQHandler                      0x0800011b   Thumb Code     0  startup_stm32f103xb.o(.text)
    DMA1_Channel1_IRQHandler                 0x0800011b   Thumb Code     0  startup_stm32f103xb.o(.text)
    DMA1_Channel2_IRQHandler                 0x0800011b   Thumb Code     0  startup_stm32f103xb.o(.text)
    DMA1_Channel3_IRQHandler                 0x0800011b   Thumb Code     0  startup_stm32f103xb.o(.text)
    DMA1_Channel4_IRQHandler                 0x0800011b   Thumb Code     0  startup_stm32f103xb.o(.text)
    DMA1_Channel5_IRQHandler                 0x0800011b   Thumb Code     0  startup_stm32f103xb.o(.text)
    DMA1_Channel6_IRQHandler                 0x0800011b   Thumb Code     0  startup_stm32f103xb.o(.text)
    DMA1_Channel7_IRQHandler                 0x0800011b   Thumb Code     0  startup_stm32f103xb.o(.text)
    EXTI0_IRQHandler                         0x0800011b   Thumb Code     0  startup_stm32f103xb.o(.text)
    EXTI15_10_IRQHandler                     0x0800011b   Thumb Code     0  startup_stm32f103xb.o(.text)
    EXTI1_IRQHandler                         0x0800011b   Thumb Code     0  startup_stm32f103xb.o(.text)
    EXTI2_IRQHandler                         0x0800011b   Thumb Code     0  startup_stm32f103xb.o(.text)
    EXTI3_IRQHandler                         0x0800011b   Thumb Code     0  startup_stm32f103xb.o(.text)
    EXTI4_IRQHandler                         0x0800011b   Thumb Code     0  startup_stm32f103xb.o(.text)
    EXTI9_5_IRQHandler                       0x0800011b   Thumb Code     0  startup_stm32f103xb.o(.text)
    FLASH_IRQHandler                         0x0800011b   Thumb Code     0  startup_stm32f103xb.o(.text)
    I2C1_ER_IRQHandler                       0x0800011b   Thumb Code     0  startup_stm32f103xb.o(.text)
    I2C1_EV_IRQHandler                       0x0800011b   Thumb Code     0  startup_stm32f103xb.o(.text)
    I2C2_ER_IRQHandler                       0x0800011b   Thumb Code     0  startup_stm32f103xb.o(.text)
    I2C2_EV_IRQHandler                       0x0800011b   Thumb Code     0  startup_stm32f103xb.o(.text)
    PVD_IRQHandler                           0x0800011b   Thumb Code     0  startup_stm32f103xb.o(.text)
    RCC_IRQHandler                           0x0800011b   Thumb Code     0  startup_stm32f103xb.o(.text)
    RTC_Alarm_IRQHandler                     0x0800011b   Thumb Code     0  startup_stm32f103xb.o(.text)
    RTC_IRQHandler                           0x0800011b   Thumb Code     0  startup_stm32f103xb.o(.text)
    SPI1_IRQHandler                          0x0800011b   Thumb Code     0  startup_stm32f103xb.o(.text)
    SPI2_IRQHandler                          0x0800011b   Thumb Code     0  startup_stm32f103xb.o(.text)
    TAMPER_IRQHandler                        0x0800011b   Thumb Code     0  startup_stm32f103xb.o(.text)
    TIM1_BRK_IRQHandler                      0x0800011b   Thumb Code     0  startup_stm32f103xb.o(.text)
    TIM1_CC_IRQHandler                       0x0800011b   Thumb Code     0  startup_stm32f103xb.o(.text)
    TIM1_TRG_COM_IRQHandler                  0x0800011b   Thumb Code     0  startup_stm32f103xb.o(.text)
    TIM1_UP_IRQHandler                       0x0800011b   Thumb Code     0  startup_stm32f103xb.o(.text)
    TIM3_IRQHandler                          0x0800011b   Thumb Code     0  startup_stm32f103xb.o(.text)
    TIM4_IRQHandler                          0x0800011b   Thumb Code     0  startup_stm32f103xb.o(.text)
    USART2_IRQHandler                        0x0800011b   Thumb Code     0  startup_stm32f103xb.o(.text)
    USBWakeUp_IRQHandler                     0x0800011b   Thumb Code     0  startup_stm32f103xb.o(.text)
    USB_HP_CAN1_TX_IRQHandler                0x0800011b   Thumb Code     0  startup_stm32f103xb.o(.text)
    USB_LP_CAN1_RX0_IRQHandler               0x0800011b   Thumb Code     0  startup_stm32f103xb.o(.text)
    WWDG_IRQHandler                          0x0800011b   Thumb Code     0  startup_stm32f103xb.o(.text)
    __aeabi_llsr                             0x08000125   Thumb Code    32  llushr.o(.text)
    _ll_ushift_r                             0x08000125   Thumb Code     0  llushr.o(.text)
    __aeabi_memcpy                           0x08000145   Thumb Code    36  memcpya.o(.text)
    __aeabi_memcpy4                          0x08000145   Thumb Code     0  memcpya.o(.text)
    __aeabi_memcpy8                          0x08000145   Thumb Code     0  memcpya.o(.text)
    __aeabi_memset                           0x08000169   Thumb Code    14  memseta.o(.text)
    __aeabi_memset4                          0x08000169   Thumb Code     0  memseta.o(.text)
    __aeabi_memset8                          0x08000169   Thumb Code     0  memseta.o(.text)
    __aeabi_memclr                           0x08000177   Thumb Code     4  memseta.o(.text)
    __aeabi_memclr4                          0x08000177   Thumb Code     0  memseta.o(.text)
    __aeabi_memclr8                          0x08000177   Thumb Code     0  memseta.o(.text)
    _memset$wrapper                          0x0800017b   Thumb Code    18  memseta.o(.text)
    memcmp                                   0x0800018d   Thumb Code    26  memcmp.o(.text)
    __aeabi_uldivmod                         0x080001a7   Thumb Code    98  uldiv.o(.text)
    __scatterload                            0x08000209   Thumb Code    28  init.o(.text)
    __scatterload_rt2                        0x08000209   Thumb Code     0  init.o(.text)
    __aeabi_llsl                             0x0800022d   Thumb Code    30  llshl.o(.text)
    _ll_shift_l                              0x0800022d   Thumb Code     0  llshl.o(.text)
    BusFault_Handler                         0x0800024b   Thumb Code     2  stm32f1xx_it.o(i.BusFault_Handler)
    DebugMon_Handler                         0x0800024d   Thumb Code     2  stm32f1xx_it.o(i.DebugMon_Handler)
    G510_PowerOn                             0x08000251   Thumb Code    48  main.o(i.G510_PowerOn)
    HAL_DMA_Abort_IT                         0x080002b1   Thumb Code   148  stm32f1xx_hal_dma.o(i.HAL_DMA_Abort_IT)
    HAL_Delay                                0x08000349   Thumb Code    32  stm32f1xx_hal.o(i.HAL_Delay)
    HAL_GPIO_Init                            0x0800036d   Thumb Code   422  stm32f1xx_hal_gpio.o(i.HAL_GPIO_Init)
    HAL_GPIO_ReadPin                         0x08000535   Thumb Code    10  stm32f1xx_hal_gpio.o(i.HAL_GPIO_ReadPin)
    HAL_GPIO_WritePin                        0x0800053f   Thumb Code    10  stm32f1xx_hal_gpio.o(i.HAL_GPIO_WritePin)
    HAL_GetTick                              0x08000549   Thumb Code     6  stm32f1xx_hal.o(i.HAL_GetTick)
    HAL_IncTick                              0x08000555   Thumb Code    12  stm32f1xx_hal.o(i.HAL_IncTick)
    HAL_Init                                 0x08000565   Thumb Code    32  stm32f1xx_hal.o(i.HAL_Init)
    HAL_InitTick                             0x08000589   Thumb Code    54  stm32f1xx_hal.o(i.HAL_InitTick)
    HAL_MspInit                              0x080005c9   Thumb Code   118  stm32f1xx_hal_msp.o(i.HAL_MspInit)
    HAL_NVIC_EnableIRQ                       0x08000649   Thumb Code    22  stm32f1xx_hal_cortex.o(i.HAL_NVIC_EnableIRQ)
    HAL_NVIC_SetPriority                     0x08000661   Thumb Code    60  stm32f1xx_hal_cortex.o(i.HAL_NVIC_SetPriority)
    HAL_NVIC_SetPriorityGrouping             0x080006a1   Thumb Code    26  stm32f1xx_hal_cortex.o(i.HAL_NVIC_SetPriorityGrouping)
    HAL_NVIC_SystemReset                     0x080006c5   Thumb Code    26  stm32f1xx_hal_cortex.o(i.HAL_NVIC_SystemReset)
    HAL_RCC_ClockConfig                      0x080006e9   Thumb Code   316  stm32f1xx_hal_rcc.o(i.HAL_RCC_ClockConfig)
    HAL_RCC_GetHCLKFreq                      0x08000835   Thumb Code     6  stm32f1xx_hal_rcc.o(i.HAL_RCC_GetHCLKFreq)
    HAL_RCC_GetPCLK1Freq                     0x08000841   Thumb Code    20  stm32f1xx_hal_rcc.o(i.HAL_RCC_GetPCLK1Freq)
    HAL_RCC_GetPCLK2Freq                     0x08000861   Thumb Code    20  stm32f1xx_hal_rcc.o(i.HAL_RCC_GetPCLK2Freq)
    HAL_RCC_GetSysClockFreq                  0x08000881   Thumb Code    74  stm32f1xx_hal_rcc.o(i.HAL_RCC_GetSysClockFreq)
    HAL_RCC_OscConfig                        0x080008ed   Thumb Code   740  stm32f1xx_hal_rcc.o(i.HAL_RCC_OscConfig)
    HAL_SYSTICK_CLKSourceConfig              0x08000be5   Thumb Code    24  stm32f1xx_hal_cortex.o(i.HAL_SYSTICK_CLKSourceConfig)
    HAL_SYSTICK_Callback                     0x08000bfd   Thumb Code     2  stm32f1xx_hal_cortex.o(i.HAL_SYSTICK_Callback)
    HAL_SYSTICK_Config                       0x08000bff   Thumb Code    40  stm32f1xx_hal_cortex.o(i.HAL_SYSTICK_Config)
    HAL_SYSTICK_IRQHandler                   0x08000c27   Thumb Code     8  stm32f1xx_hal_cortex.o(i.HAL_SYSTICK_IRQHandler)
    HAL_TIMEx_BreakCallback                  0x08000c2f   Thumb Code     2  stm32f1xx_hal_tim_ex.o(i.HAL_TIMEx_BreakCallback)
    HAL_TIMEx_CommutationCallback            0x08000c31   Thumb Code     2  stm32f1xx_hal_tim_ex.o(i.HAL_TIMEx_CommutationCallback)
    HAL_TIMEx_MasterConfigSynchronization    0x08000c33   Thumb Code    80  stm32f1xx_hal_tim_ex.o(i.HAL_TIMEx_MasterConfigSynchronization)
    HAL_TIM_Base_Init                        0x08000c83   Thumb Code    54  stm32f1xx_hal_tim.o(i.HAL_TIM_Base_Init)
    HAL_TIM_Base_MspInit                     0x08000cb9   Thumb Code    30  stm32f1xx_hal_msp.o(i.HAL_TIM_Base_MspInit)
    HAL_TIM_Base_Start_IT                    0x08000cdd   Thumb Code    24  stm32f1xx_hal_tim.o(i.HAL_TIM_Base_Start_IT)
    HAL_TIM_ConfigClockSource                0x08000cf5   Thumb Code   240  stm32f1xx_hal_tim.o(i.HAL_TIM_ConfigClockSource)
    HAL_TIM_IC_CaptureCallback               0x08000de5   Thumb Code     2  stm32f1xx_hal_tim.o(i.HAL_TIM_IC_CaptureCallback)
    HAL_TIM_IRQHandler                       0x08000de7   Thumb Code   358  stm32f1xx_hal_tim.o(i.HAL_TIM_IRQHandler)
    HAL_TIM_OC_DelayElapsedCallback          0x08000f4d   Thumb Code     2  stm32f1xx_hal_tim.o(i.HAL_TIM_OC_DelayElapsedCallback)
    HAL_TIM_PWM_PulseFinishedCallback        0x08000f4f   Thumb Code     2  stm32f1xx_hal_tim.o(i.HAL_TIM_PWM_PulseFinishedCallback)
    HAL_TIM_PeriodElapsedCallback            0x08000f51   Thumb Code    24  gizwits_product.o(i.HAL_TIM_PeriodElapsedCallback)
    HAL_TIM_TriggerCallback                  0x08000f71   Thumb Code     2  stm32f1xx_hal_tim.o(i.HAL_TIM_TriggerCallback)
    HAL_UART_ErrorCallback                   0x08000f73   Thumb Code     2  stm32f1xx_hal_uart.o(i.HAL_UART_ErrorCallback)
    HAL_UART_IRQHandler                      0x08000f75   Thumb Code   266  stm32f1xx_hal_uart.o(i.HAL_UART_IRQHandler)
    HAL_UART_Init                            0x08001085   Thumb Code    98  stm32f1xx_hal_uart.o(i.HAL_UART_Init)
    HAL_UART_MspInit                         0x080010e9   Thumb Code   164  stm32f1xx_hal_msp.o(i.HAL_UART_MspInit)
    HAL_UART_Receive_IT                      0x080011a5   Thumb Code    82  stm32f1xx_hal_uart.o(i.HAL_UART_Receive_IT)
    HAL_UART_RxCpltCallback                  0x080011f9   Thumb Code    48  gizwits_product.o(i.HAL_UART_RxCpltCallback)
    HAL_UART_Transmit                        0x08001239   Thumb Code   186  stm32f1xx_hal_uart.o(i.HAL_UART_Transmit)
    HAL_UART_Transmit_IT                     0x080012f3   Thumb Code    62  stm32f1xx_hal_uart.o(i.HAL_UART_Transmit_IT)
    HAL_UART_TxCpltCallback                  0x08001331   Thumb Code     2  stm32f1xx_hal_uart.o(i.HAL_UART_TxCpltCallback)
    HardFault_Handler                        0x08001333   Thumb Code     2  stm32f1xx_it.o(i.HardFault_Handler)
    MemManage_Handler                        0x0800141d   Thumb Code     2  stm32f1xx_it.o(i.MemManage_Handler)
    NMI_Handler                              0x0800141f   Thumb Code     2  stm32f1xx_it.o(i.NMI_Handler)
    PendSV_Handler                           0x08001441   Thumb Code     2  stm32f1xx_it.o(i.PendSV_Handler)
    SVC_Handler                              0x08001443   Thumb Code     2  stm32f1xx_it.o(i.SVC_Handler)
    SysTick_Handler                          0x08001445   Thumb Code    14  stm32f1xx_it.o(i.SysTick_Handler)
    SystemClock_Config                       0x08001453   Thumb Code   104  main.o(i.SystemClock_Config)
    SystemInit                               0x080014bd   Thumb Code    56  system_stm32f1xx_1.o(i.SystemInit)
    TIM2_IRQHandler                          0x08001505   Thumb Code     6  stm32f1xx_it.o(i.TIM2_IRQHandler)
    TIM_Base_SetConfig                       0x08001511   Thumb Code    94  stm32f1xx_hal_tim.o(i.TIM_Base_SetConfig)
    USART1_IRQHandler                        0x080018dd   Thumb Code     6  stm32f1xx_it.o(i.USART1_IRQHandler)
    USART3_IRQHandler                        0x080018e9   Thumb Code     6  stm32f1xx_it.o(i.USART3_IRQHandler)
    UsageFault_Handler                       0x080018f5   Thumb Code     2  stm32f1xx_it.o(i.UsageFault_Handler)
    __0printf$8                              0x080018f9   Thumb Code    22  printf8.o(i.__0printf$8)
    __1printf$8                              0x080018f9   Thumb Code     0  printf8.o(i.__0printf$8)
    __2printf                                0x080018f9   Thumb Code     0  printf8.o(i.__0printf$8)
    __scatterload_copy                       0x08001919   Thumb Code    14  handlers.o(i.__scatterload_copy)
    __scatterload_null                       0x08001927   Thumb Code     2  handlers.o(i.__scatterload_null)
    __scatterload_zeroinit                   0x08001929   Thumb Code    14  handlers.o(i.__scatterload_zeroinit)
    exchangeBytes                            0x08001d9b   Thumb Code    32  common.o(i.exchangeBytes)
    exchangeWord                             0x08001dbb   Thumb Code     4  common.o(i.exchangeWord)
    fputc                                    0x08001dc1   Thumb Code    20  gizwits_product.o(i.fputc)
    getKey                                   0x08001dd9   Thumb Code    86  hal_key.o(i.getKey)
    gizAcrossByteJudge                       0x08001e35   Thumb Code    30  datapointtools.o(i.gizAcrossByteJudge)
    gizByteOrderExchange                     0x08001e53   Thumb Code    36  datapointtools.o(i.gizByteOrderExchange)
    gizGetTimerCount                         0x08002211   Thumb Code     6  gizwits_product.o(i.gizGetTimerCount)
    gizProtocolSum                           0x08002e1d   Thumb Code    36  common.o(i.gizProtocolSum)
    gizPutData                               0x08002ee5   Thumb Code    46  gizwits_protocol.o(i.gizPutData)
    gizStandardCompressValue                 0x08003031   Thumb Code    80  datapointtools.o(i.gizStandardCompressValue)
    gizStandardDecompressionValue            0x08003081   Thumb Code   126  datapointtools.o(i.gizStandardDecompressionValue)
    gizTimerMs                               0x08003101   Thumb Code    10  gizwits_product.o(i.gizTimerMs)
    gizwitsEventProcess                      0x08003111   Thumb Code   242  gizwits_product.o(i.gizwitsEventProcess)
    gizwitsHandle                            0x080032d9   Thumb Code   562  gizwits_protocol.o(i.gizwitsHandle)
    gizwitsInit                              0x08003629   Thumb Code    44  gizwits_protocol.o(i.gizwitsInit)
    keyHandle                                0x08003685   Thumb Code   122  hal_key.o(i.keyHandle)
    main                                     0x08003701   Thumb Code   206  main.o(i.main)
    mcuRestart                               0x080037f9   Thumb Code    10  gizwits_product.o(i.mcuRestart)
    rbCanRead                                0x08003803   Thumb Code    50  ringbuffer.o(i.rbCanRead)
    rbCanWrite                               0x08003835   Thumb Code    28  ringbuffer.o(i.rbCanWrite)
    rbCapacity                               0x08003851   Thumb Code    12  ringbuffer.o(i.rbCapacity)
    rbCreate                                 0x0800385d   Thumb Code    18  ringbuffer.o(i.rbCreate)
    rbRead                                   0x0800386f   Thumb Code   126  ringbuffer.o(i.rbRead)
    rbWrite                                  0x080038ed   Thumb Code   142  ringbuffer.o(i.rbWrite)
    readKeyValue                             0x0800397d   Thumb Code   130  hal_key.o(i.readKeyValue)
    sendControl2TissueMachine                0x08003a05   Thumb Code    10  tissuemachine.o(i.sendControl2TissueMachine)
    timerInit                                0x08003a15   Thumb Code     6  gizwits_product.o(i.timerInit)
    uart3Init                                0x08003a21   Thumb Code    10  tissuemachine.o(i.uart3Init)
    uart3Receive                             0x08003a35   Thumb Code    24  tissuemachine.o(i.uart3Receive)
    uartInit                                 0x08003a55   Thumb Code    10  gizwits_product.o(i.uartInit)
    uartWrite                                0x08003a69   Thumb Code   138  gizwits_product.o(i.uartWrite)
    userHandle                               0x08003b21   Thumb Code   200  gizwits_product.o(i.userHandle)
    userInit                                 0x08003bf9   Thumb Code    26  gizwits_product.o(i.userInit)
    AHBPrescTable                            0x08003c4c   Data          16  system_stm32f1xx_1.o(.constdata)
    APBPrescTable                            0x08003c5c   Data           8  system_stm32f1xx_1.o(.constdata)
    Region$$Table$$Base                      0x08003c64   Number         0  anon$$obj.o(Region$$Table)
    Region$$Table$$Limit                     0x08003c84   Number         0  anon$$obj.o(Region$$Table)
    tissueStateUpdated                       0x20000000   Data           1  tissuemachine.o(.data)
    uart3RxBuffer                            0x20000001   Data           4  tissuemachine.o(.data)
    tissueMachineData                        0x20000005   Data           4  tissuemachine.o(.data)
    keys                                     0x20000009   Data           5  main.o(.data)
    aRxBuffer                                0x20000010   Data           1  gizwits_product.o(.data)
    lastGiveTissueTime                       0x20000014   Data           4  gizwits_product.o(.data)
    currentDataPoint                         0x2000001c   Data           8  gizwits_product.o(.data)
    keyCountTime                             0x20000034   Data           1  hal_key.o(.data)
    uwTickFreq                               0x2000003c   Data           1  stm32f1xx_hal.o(.data)
    uwTickPrio                               0x20000040   Data           4  stm32f1xx_hal.o(.data)
    uwTick                                   0x20000044   Data           4  stm32f1xx_hal.o(.data)
    SystemCoreClock                          0x20000048   Data           4  system_stm32f1xx_1.o(.data)
    __stdout                                 0x2000004c   Data           4  stdout.o(.data)
    htim2                                    0x20000050   Data          64  main.o(.bss)
    huart1                                   0x20000090   Data          64  main.o(.bss)
    huart2                                   0x200000d0   Data          64  main.o(.bss)
    huart3                                   0x20000110   Data          64  main.o(.bss)
    gizwitsProtocol                          0x20000150   Data         274  gizwits_protocol.o(.bss)
    pRb                                      0x20000262   Data          16  gizwits_protocol.o(.bss)
    __initial_sp                             0x200022a8   Data           0  startup_stm32f103xb.o(STACK)



==============================================================================

Memory Map of the image

  Image Entry point : 0x080000ed

  Load Region LR_IROM1 (Base: 0x08000000, Size: 0x00003cd4, Max: 0x00010000, ABSOLUTE)

    Execution Region ER_IROM1 (Exec base: 0x08000000, Load base: 0x08000000, Size: 0x00003c84, Max: 0x00010000, ABSOLUTE)

    Exec Addr    Load Addr    Size         Type   Attr      Idx    E Section Name        Object

    0x08000000   0x08000000   0x000000ec   Data   RO         2969    RESET               startup_stm32f103xb.o
    0x080000ec   0x080000ec   0x00000000   Code   RO         3012  * .ARM.Collect$$$$00000000  mc_w.l(entry.o)
    0x080000ec   0x080000ec   0x00000004   Code   RO         3300    .ARM.Collect$$$$00000001  mc_w.l(entry2.o)
    0x080000f0   0x080000f0   0x00000004   Code   RO         3303    .ARM.Collect$$$$00000004  mc_w.l(entry5.o)
    0x080000f4   0x080000f4   0x00000000   Code   RO         3305    .ARM.Collect$$$$00000008  mc_w.l(entry7b.o)
    0x080000f4   0x080000f4   0x00000000   Code   RO         3307    .ARM.Collect$$$$0000000A  mc_w.l(entry8b.o)
    0x080000f4   0x080000f4   0x00000008   Code   RO         3308    .ARM.Collect$$$$0000000B  mc_w.l(entry9a.o)
    0x080000fc   0x080000fc   0x00000000   Code   RO         3310    .ARM.Collect$$$$0000000D  mc_w.l(entry10a.o)
    0x080000fc   0x080000fc   0x00000000   Code   RO         3312    .ARM.Collect$$$$0000000F  mc_w.l(entry11a.o)
    0x080000fc   0x080000fc   0x00000004   Code   RO         3301    .ARM.Collect$$$$00002712  mc_w.l(entry2.o)
    0x08000100   0x08000100   0x00000024   Code   RO         2970    .text               startup_stm32f103xb.o
    0x08000124   0x08000124   0x00000020   Code   RO         3015    .text               mc_w.l(llushr.o)
    0x08000144   0x08000144   0x00000024   Code   RO         3019    .text               mc_w.l(memcpya.o)
    0x08000168   0x08000168   0x00000024   Code   RO         3021    .text               mc_w.l(memseta.o)
    0x0800018c   0x0800018c   0x0000001a   Code   RO         3025    .text               mc_w.l(memcmp.o)
    0x080001a6   0x080001a6   0x00000062   Code   RO         3317    .text               mc_w.l(uldiv.o)
    0x08000208   0x08000208   0x00000024   Code   RO         3332    .text               mc_w.l(init.o)
    0x0800022c   0x0800022c   0x0000001e   Code   RO         3334    .text               mc_w.l(llshl.o)
    0x0800024a   0x0800024a   0x00000002   Code   RO          265    i.BusFault_Handler  stm32f1xx_it.o
    0x0800024c   0x0800024c   0x00000002   Code   RO          266    i.DebugMon_Handler  stm32f1xx_it.o
    0x0800024e   0x0800024e   0x00000002   PAD
    0x08000250   0x08000250   0x00000060   Code   RO          186    i.G510_PowerOn      main.o
    0x080002b0   0x080002b0   0x00000098   Code   RO         1401    i.HAL_DMA_Abort_IT  stm32f1xx_hal_dma.o
    0x08000348   0x08000348   0x00000024   Code   RO         1096    i.HAL_Delay         stm32f1xx_hal.o
    0x0800036c   0x0800036c   0x000001c8   Code   RO         1251    i.HAL_GPIO_Init     stm32f1xx_hal_gpio.o
    0x08000534   0x08000534   0x0000000a   Code   RO         1253    i.HAL_GPIO_ReadPin  stm32f1xx_hal_gpio.o
    0x0800053e   0x0800053e   0x0000000a   Code   RO         1255    i.HAL_GPIO_WritePin  stm32f1xx_hal_gpio.o
    0x08000548   0x08000548   0x0000000c   Code   RO         1100    i.HAL_GetTick       stm32f1xx_hal.o
    0x08000554   0x08000554   0x00000010   Code   RO         1104    i.HAL_IncTick       stm32f1xx_hal.o
    0x08000564   0x08000564   0x00000024   Code   RO         1105    i.HAL_Init          stm32f1xx_hal.o
    0x08000588   0x08000588   0x00000040   Code   RO         1106    i.HAL_InitTick      stm32f1xx_hal.o
    0x080005c8   0x080005c8   0x00000080   Code   RO          138    i.HAL_MspInit       stm32f1xx_hal_msp.o
    0x08000648   0x08000648   0x00000016   Code   RO         2404    i.HAL_NVIC_EnableIRQ  stm32f1xx_hal_cortex.o
    0x0800065e   0x0800065e   0x00000002   PAD
    0x08000660   0x08000660   0x00000040   Code   RO         2410    i.HAL_NVIC_SetPriority  stm32f1xx_hal_cortex.o
    0x080006a0   0x080006a0   0x00000024   Code   RO         2411    i.HAL_NVIC_SetPriorityGrouping  stm32f1xx_hal_cortex.o
    0x080006c4   0x080006c4   0x00000024   Code   RO         2412    i.HAL_NVIC_SystemReset  stm32f1xx_hal_cortex.o
    0x080006e8   0x080006e8   0x0000014c   Code   RO         1531    i.HAL_RCC_ClockConfig  stm32f1xx_hal_rcc.o
    0x08000834   0x08000834   0x0000000c   Code   RO         1536    i.HAL_RCC_GetHCLKFreq  stm32f1xx_hal_rcc.o
    0x08000840   0x08000840   0x00000020   Code   RO         1538    i.HAL_RCC_GetPCLK1Freq  stm32f1xx_hal_rcc.o
    0x08000860   0x08000860   0x00000020   Code   RO         1539    i.HAL_RCC_GetPCLK2Freq  stm32f1xx_hal_rcc.o
    0x08000880   0x08000880   0x0000006c   Code   RO         1540    i.HAL_RCC_GetSysClockFreq  stm32f1xx_hal_rcc.o
    0x080008ec   0x080008ec   0x000002f8   Code   RO         1543    i.HAL_RCC_OscConfig  stm32f1xx_hal_rcc.o
    0x08000be4   0x08000be4   0x00000018   Code   RO         2413    i.HAL_SYSTICK_CLKSourceConfig  stm32f1xx_hal_cortex.o
    0x08000bfc   0x08000bfc   0x00000002   Code   RO         2414    i.HAL_SYSTICK_Callback  stm32f1xx_hal_cortex.o
    0x08000bfe   0x08000bfe   0x00000028   Code   RO         2415    i.HAL_SYSTICK_Config  stm32f1xx_hal_cortex.o
    0x08000c26   0x08000c26   0x00000008   Code   RO         2416    i.HAL_SYSTICK_IRQHandler  stm32f1xx_hal_cortex.o
    0x08000c2e   0x08000c2e   0x00000002   Code   RO          856    i.HAL_TIMEx_BreakCallback  stm32f1xx_hal_tim_ex.o
    0x08000c30   0x08000c30   0x00000002   Code   RO          857    i.HAL_TIMEx_CommutationCallback  stm32f1xx_hal_tim_ex.o
    0x08000c32   0x08000c32   0x00000050   Code   RO          873    i.HAL_TIMEx_MasterConfigSynchronization  stm32f1xx_hal_tim_ex.o
    0x08000c82   0x08000c82   0x00000036   Code   RO         1773    i.HAL_TIM_Base_Init  stm32f1xx_hal_tim.o
    0x08000cb8   0x08000cb8   0x00000024   Code   RO          140    i.HAL_TIM_Base_MspInit  stm32f1xx_hal_msp.o
    0x08000cdc   0x08000cdc   0x00000018   Code   RO         1778    i.HAL_TIM_Base_Start_IT  stm32f1xx_hal_tim.o
    0x08000cf4   0x08000cf4   0x000000f0   Code   RO         1782    i.HAL_TIM_ConfigClockSource  stm32f1xx_hal_tim.o
    0x08000de4   0x08000de4   0x00000002   Code   RO         1802    i.HAL_TIM_IC_CaptureCallback  stm32f1xx_hal_tim.o
    0x08000de6   0x08000de6   0x00000166   Code   RO         1815    i.HAL_TIM_IRQHandler  stm32f1xx_hal_tim.o
    0x08000f4c   0x08000f4c   0x00000002   Code   RO         1818    i.HAL_TIM_OC_DelayElapsedCallback  stm32f1xx_hal_tim.o
    0x08000f4e   0x08000f4e   0x00000002   Code   RO         1845    i.HAL_TIM_PWM_PulseFinishedCallback  stm32f1xx_hal_tim.o
    0x08000f50   0x08000f50   0x00000020   Code   RO          359    i.HAL_TIM_PeriodElapsedCallback  gizwits_product.o
    0x08000f70   0x08000f70   0x00000002   Code   RO         1856    i.HAL_TIM_TriggerCallback  stm32f1xx_hal_tim.o
    0x08000f72   0x08000f72   0x00000002   Code   RO         2665    i.HAL_UART_ErrorCallback  stm32f1xx_hal_uart.o
    0x08000f74   0x08000f74   0x00000110   Code   RO         2668    i.HAL_UART_IRQHandler  stm32f1xx_hal_uart.o
    0x08001084   0x08001084   0x00000062   Code   RO         2669    i.HAL_UART_Init     stm32f1xx_hal_uart.o
    0x080010e6   0x080010e6   0x00000002   PAD
    0x080010e8   0x080010e8   0x000000bc   Code   RO          142    i.HAL_UART_MspInit  stm32f1xx_hal_msp.o
    0x080011a4   0x080011a4   0x00000052   Code   RO         2674    i.HAL_UART_Receive_IT  stm32f1xx_hal_uart.o
    0x080011f6   0x080011f6   0x00000002   PAD
    0x080011f8   0x080011f8   0x00000040   Code   RO          360    i.HAL_UART_RxCpltCallback  gizwits_product.o
    0x08001238   0x08001238   0x000000ba   Code   RO         2677    i.HAL_UART_Transmit  stm32f1xx_hal_uart.o
    0x080012f2   0x080012f2   0x0000003e   Code   RO         2679    i.HAL_UART_Transmit_IT  stm32f1xx_hal_uart.o
    0x08001330   0x08001330   0x00000002   Code   RO         2680    i.HAL_UART_TxCpltCallback  stm32f1xx_hal_uart.o
    0x08001332   0x08001332   0x00000002   Code   RO          267    i.HardFault_Handler  stm32f1xx_it.o
    0x08001334   0x08001334   0x00000094   Code   RO          187    i.MX_GPIO_Init      main.o
    0x080013c8   0x080013c8   0x00000054   Code   RO          188    i.MX_TIM2_Init      main.o
    0x0800141c   0x0800141c   0x00000002   Code   RO          268    i.MemManage_Handler  stm32f1xx_it.o
    0x0800141e   0x0800141e   0x00000002   Code   RO          269    i.NMI_Handler       stm32f1xx_it.o
    0x08001420   0x08001420   0x00000020   Code   RO         2417    i.NVIC_SetPriority  stm32f1xx_hal_cortex.o
    0x08001440   0x08001440   0x00000002   Code   RO          270    i.PendSV_Handler    stm32f1xx_it.o
    0x08001442   0x08001442   0x00000002   Code   RO          271    i.SVC_Handler       stm32f1xx_it.o
    0x08001444   0x08001444   0x0000000e   Code   RO          272    i.SysTick_Handler   stm32f1xx_it.o
    0x08001452   0x08001452   0x00000068   Code   RO          189    i.SystemClock_Config  main.o
    0x080014ba   0x080014ba   0x00000002   PAD
    0x080014bc   0x080014bc   0x00000048   Code   RO         2978    i.SystemInit        system_stm32f1xx_1.o
    0x08001504   0x08001504   0x0000000c   Code   RO          273    i.TIM2_IRQHandler   stm32f1xx_it.o
    0x08001510   0x08001510   0x0000006c   Code   RO         1857    i.TIM_Base_SetConfig  stm32f1xx_hal_tim.o
    0x0800157c   0x0800157c   0x00000014   Code   RO         1864    i.TIM_ETR_SetConfig  stm32f1xx_hal_tim.o
    0x08001590   0x08001590   0x00000010   Code   RO         1865    i.TIM_ITRx_SetConfig  stm32f1xx_hal_tim.o
    0x080015a0   0x080015a0   0x00000022   Code   RO         1871    i.TIM_TI1_ConfigInputStage  stm32f1xx_hal_tim.o
    0x080015c2   0x080015c2   0x00000024   Code   RO         1873    i.TIM_TI2_ConfigInputStage  stm32f1xx_hal_tim.o
    0x080015e6   0x080015e6   0x00000010   Code   RO         2682    i.UART_DMAAbortOnError  stm32f1xx_hal_uart.o
    0x080015f6   0x080015f6   0x0000001c   Code   RO         2692    i.UART_EndRxTransfer  stm32f1xx_hal_uart.o
    0x08001612   0x08001612   0x00000096   Code   RO         2694    i.UART_Receive_IT   stm32f1xx_hal_uart.o
    0x080016a8   0x080016a8   0x00000170   Code   RO         2695    i.UART_SetConfig    stm32f1xx_hal_uart.o
    0x08001818   0x08001818   0x00000062   Code   RO         2696    i.UART_Transmit_IT  stm32f1xx_hal_uart.o
    0x0800187a   0x0800187a   0x00000062   Code   RO         2697    i.UART_WaitOnFlagUntilTimeout  stm32f1xx_hal_uart.o
    0x080018dc   0x080018dc   0x0000000c   Code   RO          274    i.USART1_IRQHandler  stm32f1xx_it.o
    0x080018e8   0x080018e8   0x0000000c   Code   RO          275    i.USART3_IRQHandler  stm32f1xx_it.o
    0x080018f4   0x080018f4   0x00000002   Code   RO          276    i.UsageFault_Handler  stm32f1xx_it.o
    0x080018f6   0x080018f6   0x00000002   PAD
    0x080018f8   0x080018f8   0x00000020   Code   RO         3236    i.__0printf$8       mc_w.l(printf8.o)
    0x08001918   0x08001918   0x0000000e   Code   RO         3342    i.__scatterload_copy  mc_w.l(handlers.o)
    0x08001926   0x08001926   0x00000002   Code   RO         3343    i.__scatterload_null  mc_w.l(handlers.o)
    0x08001928   0x08001928   0x0000000e   Code   RO         3344    i.__scatterload_zeroinit  mc_w.l(handlers.o)
    0x08001936   0x08001936   0x00000002   PAD
    0x08001938   0x08001938   0x00000410   Code   RO         3243    i._printf_core      mc_w.l(printf8.o)
    0x08001d48   0x08001d48   0x00000024   Code   RO         3244    i._printf_post_padding  mc_w.l(printf8.o)
    0x08001d6c   0x08001d6c   0x0000002e   Code   RO         3245    i._printf_pre_padding  mc_w.l(printf8.o)
    0x08001d9a   0x08001d9a   0x00000020   Code   RO          676    i.exchangeBytes     common.o
    0x08001dba   0x08001dba   0x00000004   Code   RO          677    i.exchangeWord      common.o
    0x08001dbe   0x08001dbe   0x00000002   PAD
    0x08001dc0   0x08001dc0   0x00000018   Code   RO          361    i.fputc             gizwits_product.o
    0x08001dd8   0x08001dd8   0x0000005c   Code   RO          621    i.getKey            hal_key.o
    0x08001e34   0x08001e34   0x0000001e   Code   RO          740    i.gizAcrossByteJudge  datapointtools.o
    0x08001e52   0x08001e52   0x00000024   Code   RO          741    i.gizByteOrderExchange  datapointtools.o
    0x08001e76   0x08001e76   0x00000002   PAD
    0x08001e78   0x08001e78   0x00000128   Code   RO          461    i.gizCheckReport    gizwits_protocol.o
    0x08001fa0   0x08001fa0   0x000000a4   Code   RO          462    i.gizDataPoint2Event  gizwits_protocol.o
    0x08002044   0x08002044   0x0000010c   Code   RO          463    i.gizDataPoints2ReportData  gizwits_protocol.o
    0x08002150   0x08002150   0x000000c0   Code   RO          464    i.gizDevReportPolicy  gizwits_protocol.o
    0x08002210   0x08002210   0x0000000c   Code   RO          362    i.gizGetTimerCount  gizwits_product.o
    0x0800221c   0x0800221c   0x00000080   Code   RO          465    i.gizProtocolAckHandle  gizwits_protocol.o
    0x0800229c   0x0800229c   0x0000009c   Code   RO          466    i.gizProtocolCommonAck  gizwits_protocol.o
    0x08002338   0x08002338   0x000000a8   Code   RO          467    i.gizProtocolErrorCmd  gizwits_protocol.o
    0x080023e0   0x080023e0   0x00000180   Code   RO          468    i.gizProtocolGetDeviceInfo  gizwits_protocol.o
    0x08002560   0x08002560   0x00000144   Code   RO          469    i.gizProtocolGetOnePacket  gizwits_protocol.o
    0x080026a4   0x080026a4   0x0000004c   Code   RO          470    i.gizProtocolHeadInit  gizwits_protocol.o
    0x080026f0   0x080026f0   0x00000124   Code   RO          471    i.gizProtocolIssuedDataAck  gizwits_protocol.o
    0x08002814   0x08002814   0x000000f8   Code   RO          472    i.gizProtocolIssuedProcess  gizwits_protocol.o
    0x0800290c   0x0800290c   0x00000424   Code   RO          473    i.gizProtocolModuleStatus  gizwits_protocol.o
    0x08002d30   0x08002d30   0x00000074   Code   RO          474    i.gizProtocolNTP    gizwits_protocol.o
    0x08002da4   0x08002da4   0x00000078   Code   RO          475    i.gizProtocolResendData  gizwits_protocol.o
    0x08002e1c   0x08002e1c   0x00000024   Code   RO          678    i.gizProtocolSum    common.o
    0x08002e40   0x08002e40   0x0000005c   Code   RO          476    i.gizProtocolWaitAck  gizwits_protocol.o
    0x08002e9c   0x08002e9c   0x00000048   Code   RO          477    i.gizProtocolWaitAckCheck  gizwits_protocol.o
    0x08002ee4   0x08002ee4   0x00000080   Code   RO          478    i.gizPutData        gizwits_protocol.o
    0x08002f64   0x08002f64   0x000000cc   Code   RO          479    i.gizReportData     gizwits_protocol.o
    0x08003030   0x08003030   0x00000050   Code   RO          742    i.gizStandardCompressValue  datapointtools.o
    0x08003080   0x08003080   0x0000007e   Code   RO          743    i.gizStandardDecompressionValue  datapointtools.o
    0x080030fe   0x080030fe   0x00000002   PAD
    0x08003100   0x08003100   0x00000010   Code   RO          363    i.gizTimerMs        gizwits_product.o
    0x08003110   0x08003110   0x000001c8   Code   RO          364    i.gizwitsEventProcess  gizwits_product.o
    0x080032d8   0x080032d8   0x00000350   Code   RO          482    i.gizwitsHandle     gizwits_protocol.o
    0x08003628   0x08003628   0x0000005c   Code   RO          483    i.gizwitsInit       gizwits_protocol.o
    0x08003684   0x08003684   0x0000007a   Code   RO          622    i.keyHandle         hal_key.o
    0x080036fe   0x080036fe   0x00000002   PAD
    0x08003700   0x08003700   0x000000f8   Code   RO          191    i.main              main.o
    0x080037f8   0x080037f8   0x0000000a   Code   RO          365    i.mcuRestart        gizwits_product.o
    0x08003802   0x08003802   0x00000032   Code   RO          806    i.rbCanRead         ringbuffer.o
    0x08003834   0x08003834   0x0000001c   Code   RO          807    i.rbCanWrite        ringbuffer.o
    0x08003850   0x08003850   0x0000000c   Code   RO          808    i.rbCapacity        ringbuffer.o
    0x0800385c   0x0800385c   0x00000012   Code   RO          809    i.rbCreate          ringbuffer.o
    0x0800386e   0x0800386e   0x0000007e   Code   RO          811    i.rbRead            ringbuffer.o
    0x080038ec   0x080038ec   0x0000008e   Code   RO          812    i.rbWrite           ringbuffer.o
    0x0800397a   0x0800397a   0x00000002   PAD
    0x0800397c   0x0800397c   0x00000088   Code   RO          625    i.readKeyValue      hal_key.o
    0x08003a04   0x08003a04   0x00000010   Code   RO            4    i.sendControl2TissueMachine  tissuemachine.o
    0x08003a14   0x08003a14   0x0000000c   Code   RO          366    i.timerInit         gizwits_product.o
    0x08003a20   0x08003a20   0x00000014   Code   RO            5    i.uart3Init         tissuemachine.o
    0x08003a34   0x08003a34   0x00000020   Code   RO            6    i.uart3Receive      tissuemachine.o
    0x08003a54   0x08003a54   0x00000014   Code   RO          367    i.uartInit          gizwits_product.o
    0x08003a68   0x08003a68   0x000000b8   Code   RO          368    i.uartWrite         gizwits_product.o
    0x08003b20   0x08003b20   0x000000d8   Code   RO          369    i.userHandle        gizwits_product.o
    0x08003bf8   0x08003bf8   0x00000020   Code   RO          370    i.userInit          gizwits_product.o
    0x08003c18   0x08003c18   0x00000034   Data   RO          371    .constdata          gizwits_product.o
    0x08003c4c   0x08003c4c   0x00000010   Data   RO         2979    .constdata          system_stm32f1xx_1.o
    0x08003c5c   0x08003c5c   0x00000008   Data   RO         2980    .constdata          system_stm32f1xx_1.o
    0x08003c64   0x08003c64   0x00000020   Data   RO         3340    Region$$Table       anon$$obj.o


    Execution Region RW_IRAM1 (Exec base: 0x20000000, Load base: 0x08003c84, Size: 0x000022a8, Max: 0x00005000, ABSOLUTE)

    Exec Addr    Load Addr    Size         Type   Attr      Idx    E Section Name        Object

    0x20000000   0x08003c84   0x00000009   Data   RW            7    .data               tissuemachine.o
    0x20000009   0x08003c8d   0x00000005   Data   RW          194    .data               main.o
    0x2000000e   0x08003c92   0x00000002   PAD
    0x20000010   0x08003c94   0x00000014   Data   RW          372    .data               gizwits_product.o
    0x20000024   0x08003ca8   0x0000000c   Data   RW          487    .data               gizwits_protocol.o
    0x20000030   0x08003cb4   0x0000000a   Data   RW          626    .data               hal_key.o
    0x2000003a   0x08003cbe   0x00000002   PAD
    0x2000003c   0x08003cc0   0x0000000c   Data   RW         1112    .data               stm32f1xx_hal.o
    0x20000048   0x08003ccc   0x00000004   Data   RW         2981    .data               system_stm32f1xx_1.o
    0x2000004c   0x08003cd0   0x00000004   Data   RW         3314    .data               mc_w.l(stdout.o)
    0x20000050        -       0x00000100   Zero   RW          192    .bss                main.o
    0x20000150        -       0x00000154   Zero   RW          486    .bss                gizwits_protocol.o
    0x200002a4   0x08003cd4   0x00000004   PAD
    0x200002a8        -       0x00002000   Zero   RW         2967    STACK               startup_stm32f103xb.o


==============================================================================

Image component sizes


      Code (inc. data)   RO Data    RW Data    ZI Data      Debug   Object Name

        72          0          0          0          0       2080   common.o
       272          0          0          0          0       3683   datapointtools.o
      1078        358         52         20          0      11857   gizwits_product.o
      5428       2200          0         12        340      17313   gizwits_protocol.o
       350         12          0         10          0       3283   hal_key.o
       680        108          0          5        256      13252   main.o
       376          0          0          0          0       4086   ringbuffer.o
        36          8        236          0       8192        752   startup_stm32f103xb.o
       164         28          0         12          0       3737   stm32f1xx_hal.o
       264         24          0          0          0      27792   stm32f1xx_hal_cortex.o
       152          4          0          0          0       1071   stm32f1xx_hal_dma.o
       476         34          0          0          0       3431   stm32f1xx_hal_gpio.o
       352         40          0          0          0       2176   stm32f1xx_hal_msp.o
      1276        100          0          0          0       5668   stm32f1xx_hal_rcc.o
       898         14          0          0          0       9471   stm32f1xx_hal_tim.o
        84          0          0          0          0       2318   stm32f1xx_hal_tim_ex.o
      1462         10          0          0          0       9898   stm32f1xx_hal_uart.o
        66         18          0          0          0       4920   stm32f1xx_it.o
        72         16         24          4          0       1115   system_stm32f1xx_1.o
        68         24          0          9          0     434978   tissuemachine.o

    ----------------------------------------------------------------------
     13648       2998        344         76       8792     562881   Object Totals
         0          0         32          0          0          0   (incl. Generated)
        22          0          0          4          4          0   (incl. Padding)

    ----------------------------------------------------------------------

      Code (inc. data)   RO Data    RW Data    ZI Data      Debug   Library Member Name

         0          0          0          0          0          0   entry.o
         0          0          0          0          0          0   entry10a.o
         0          0          0          0          0          0   entry11a.o
         8          4          0          0          0          0   entry2.o
         4          0          0          0          0          0   entry5.o
         0          0          0          0          0          0   entry7b.o
         0          0          0          0          0          0   entry8b.o
         8          4          0          0          0          0   entry9a.o
        30          0          0          0          0          0   handlers.o
        36          8          0          0          0         68   init.o
        30          0          0          0          0         68   llshl.o
        32          0          0          0          0         68   llushr.o
        26          0          0          0          0         80   memcmp.o
        36          0          0          0          0         68   memcpya.o
        36          0          0          0          0        108   memseta.o
      1154         54          0          0          0        352   printf8.o
         0          0          0          4          0          0   stdout.o
        98          0          0          0          0         92   uldiv.o

    ----------------------------------------------------------------------
      1500         70          0          4          0        904   Library Totals
         2          0          0          0          0          0   (incl. Padding)

    ----------------------------------------------------------------------

      Code (inc. data)   RO Data    RW Data    ZI Data      Debug   Library Name

      1498         70          0          4          0        904   mc_w.l

    ----------------------------------------------------------------------
      1500         70          0          4          0        904   Library Totals

    ----------------------------------------------------------------------

==============================================================================


      Code (inc. data)   RO Data    RW Data    ZI Data      Debug   

     15148       3068        344         80       8792     557333   Grand Totals
     15148       3068        344         80       8792     557333   ELF Image Totals
     15148       3068        344         80          0          0   ROM Totals

==============================================================================

    Total RO  Size (Code + RO Data)                15492 (  15.13kB)
    Total RW  Size (RW Data + ZI Data)              8872 (   8.66kB)
    Total ROM Size (Code + RO Data + RW Data)      15572 (  15.21kB)

==============================================================================

